Archive member included to satisfy reference by file (symbol)

/Users/dtope/.pico-sdk/toolchain/14_2_Rel1/bin/../lib/gcc/arm-none-eabi/14.2.1/../../../../arm-none-eabi/lib/thumb/v8-m.main+fp/softfp/libm.a(libm_a-wf_sqrt.o)
                              CMakeFiles/ppmRead.dir/Users/dtope/.pico-sdk/sdk/2.2.0/src/rp2_common/pico_float/float_math.c.o (sqrtf)
/Users/dtope/.pico-sdk/toolchain/14_2_Rel1/bin/../lib/gcc/arm-none-eabi/14.2.1/../../../../arm-none-eabi/lib/thumb/v8-m.main+fp/softfp/libm.a(libm_a-ef_sqrt.o)
                              /Users/dtope/.pico-sdk/toolchain/14_2_Rel1/bin/../lib/gcc/arm-none-eabi/14.2.1/../../../../arm-none-eabi/lib/thumb/v8-m.main+fp/softfp/libm.a(libm_a-wf_sqrt.o) (__ieee754_sqrtf)
/Users/dtope/.pico-sdk/toolchain/14_2_Rel1/bin/../lib/gcc/arm-none-eabi/14.2.1/thumb/v8-m.main+fp/softfp/libgcc.a(_arm_addsubdf3.o)
                              CMakeFiles/ppmRead.dir/Users/dtope/.pico-sdk/sdk/2.2.0/src/rp2_common/pico_float/float_math.c.o (__aeabi_f2d)
/Users/dtope/.pico-sdk/toolchain/14_2_Rel1/bin/../lib/gcc/arm-none-eabi/14.2.1/thumb/v8-m.main+fp/softfp/libgcc.a(_aeabi_ldivmod.o)
                              CMakeFiles/ppmRead.dir/Users/dtope/.pico-sdk/sdk/2.2.0/src/common/pico_time/time.c.o (__aeabi_ldivmod)
/Users/dtope/.pico-sdk/toolchain/14_2_Rel1/bin/../lib/gcc/arm-none-eabi/14.2.1/thumb/v8-m.main+fp/softfp/libgcc.a(_aeabi_uldivmod.o)
                              CMakeFiles/ppmRead.dir/Users/dtope/.pico-sdk/sdk/2.2.0/src/rp2_common/hardware_clocks/clocks.c.o (__aeabi_uldivmod)
/Users/dtope/.pico-sdk/toolchain/14_2_Rel1/bin/../lib/gcc/arm-none-eabi/14.2.1/thumb/v8-m.main+fp/softfp/libgcc.a(_udivmoddi4.o)
                              /Users/dtope/.pico-sdk/toolchain/14_2_Rel1/bin/../lib/gcc/arm-none-eabi/14.2.1/thumb/v8-m.main+fp/softfp/libgcc.a(_aeabi_ldivmod.o) (__udivmoddi4)
/Users/dtope/.pico-sdk/toolchain/14_2_Rel1/bin/../lib/gcc/arm-none-eabi/14.2.1/thumb/v8-m.main+fp/softfp/libgcc.a(_dvmd_tls.o)
                              /Users/dtope/.pico-sdk/toolchain/14_2_Rel1/bin/../lib/gcc/arm-none-eabi/14.2.1/thumb/v8-m.main+fp/softfp/libgcc.a(_aeabi_ldivmod.o) (__aeabi_ldiv0)
/Users/dtope/.pico-sdk/toolchain/14_2_Rel1/bin/../lib/gcc/arm-none-eabi/14.2.1/../../../../arm-none-eabi/lib/thumb/v8-m.main+fp/softfp/libg.a(libc_a-calloc.o)
                              CMakeFiles/ppmRead.dir/Users/dtope/.pico-sdk/sdk/2.2.0/src/rp2_common/pico_malloc/malloc.c.o (calloc)
/Users/dtope/.pico-sdk/toolchain/14_2_Rel1/bin/../lib/gcc/arm-none-eabi/14.2.1/../../../../arm-none-eabi/lib/thumb/v8-m.main+fp/softfp/libg.a(libc_a-callocr.o)
                              /Users/dtope/.pico-sdk/toolchain/14_2_Rel1/bin/../lib/gcc/arm-none-eabi/14.2.1/../../../../arm-none-eabi/lib/thumb/v8-m.main+fp/softfp/libg.a(libc_a-calloc.o) (_calloc_r)
/Users/dtope/.pico-sdk/toolchain/14_2_Rel1/bin/../lib/gcc/arm-none-eabi/14.2.1/../../../../arm-none-eabi/lib/thumb/v8-m.main+fp/softfp/libg.a(libc_a-malloc.o)
                              CMakeFiles/ppmRead.dir/Users/dtope/.pico-sdk/sdk/2.2.0/src/rp2_common/pico_malloc/malloc.c.o (malloc)
/Users/dtope/.pico-sdk/toolchain/14_2_Rel1/bin/../lib/gcc/arm-none-eabi/14.2.1/../../../../arm-none-eabi/lib/thumb/v8-m.main+fp/softfp/libg.a(libc_a-mallocr.o)
                              /Users/dtope/.pico-sdk/toolchain/14_2_Rel1/bin/../lib/gcc/arm-none-eabi/14.2.1/../../../../arm-none-eabi/lib/thumb/v8-m.main+fp/softfp/libg.a(libc_a-callocr.o) (_malloc_r)
/Users/dtope/.pico-sdk/toolchain/14_2_Rel1/bin/../lib/gcc/arm-none-eabi/14.2.1/../../../../arm-none-eabi/lib/thumb/v8-m.main+fp/softfp/libg.a(libc_a-mlock.o)
                              /Users/dtope/.pico-sdk/toolchain/14_2_Rel1/bin/../lib/gcc/arm-none-eabi/14.2.1/../../../../arm-none-eabi/lib/thumb/v8-m.main+fp/softfp/libg.a(libc_a-mallocr.o) (__malloc_lock)
/Users/dtope/.pico-sdk/toolchain/14_2_Rel1/bin/../lib/gcc/arm-none-eabi/14.2.1/../../../../arm-none-eabi/lib/thumb/v8-m.main+fp/softfp/libg.a(libc_a-realloc.o)
                              CMakeFiles/ppmRead.dir/Users/dtope/.pico-sdk/sdk/2.2.0/src/rp2_common/pico_malloc/malloc.c.o (realloc)
/Users/dtope/.pico-sdk/toolchain/14_2_Rel1/bin/../lib/gcc/arm-none-eabi/14.2.1/../../../../arm-none-eabi/lib/thumb/v8-m.main+fp/softfp/libg.a(libc_a-reallocr.o)
                              /Users/dtope/.pico-sdk/toolchain/14_2_Rel1/bin/../lib/gcc/arm-none-eabi/14.2.1/../../../../arm-none-eabi/lib/thumb/v8-m.main+fp/softfp/libg.a(libc_a-realloc.o) (_realloc_r)
/Users/dtope/.pico-sdk/toolchain/14_2_Rel1/bin/../lib/gcc/arm-none-eabi/14.2.1/../../../../arm-none-eabi/lib/thumb/v8-m.main+fp/softfp/libg.a(libc_a-memcmp.o)
                              CMakeFiles/ppmRead.dir/Users/dtope/.pico-sdk/sdk/2.2.0/src/rp2_common/pico_atomic/atomic.c.o (memcmp)
/Users/dtope/.pico-sdk/toolchain/14_2_Rel1/bin/../lib/gcc/arm-none-eabi/14.2.1/../../../../arm-none-eabi/lib/thumb/v8-m.main+fp/softfp/libg.a(libc_a-memmove.o)
[...]
Memory Configuration

Name             Origin             Length             Attributes
FLASH            0x10000000         0x00400000         xr
RAM              0x20000000         0x00080000         xrw
SCRATCH_X        0x20080000         0x00001000         xrw
SCRATCH_Y        0x20081000         0x00001000         xrw
*default*        0x00000000         0xffffffff

Linker script and memory map

LOAD /Users/dtope/.pico-sdk/toolchain/14_2_Rel1/bin/../lib/gcc/arm-none-eabi/14.2.1/thumb/v8-m.main+fp/softfp/crti.o
LOAD /Users/dtope/.pico-sdk/toolchain/14_2_Rel1/bin/../lib/gcc/arm-none-eabi/14.2.1/thumb/v8-m.main+fp/softfp/crtbegin.o
LOAD /Users/dtope/.pico-sdk/toolchain/14_2_Rel1/bin/../lib/gcc/arm-none-eabi/14.2.1/../../../../arm-none-eabi/lib/thumb/v8-m.main+fp/softfp/crt0.o

.flash_begin    0x10000000        0x0
                0x10000000                        __flash_binary_start = .

.text           0x10000000     0x68e8
                0x10000000                        __logical_binary_start = .
 *(.vectors)
 .vectors       0x10000000      0x124 CMakeFiles/ppmRead.dir/Users/dtope/.pico-sdk/sdk/2.2.0/src/rp2_common/pico_crt0/crt0.S.o
                0x10000000                __VECTOR_TABLE
                0x10000000                __vectors
                0x10000110                __unhandled_user_irq
                0x10000110                isr_irq49
                0x10000110                isr_irq13
                0x10000110                isr_irq43
                0x10000110                isr_irq45
                0x10000110                isr_irq27
                0x10000110                isr_irq32
                0x10000110                isr_irq31
                0x10000110                isr_irq5
                0x10000110                isr_irq11
                0x10000110                isr_irq23
                0x10000110                isr_usagefault
                0x10000110                isr_irq48
                0x10000110                isr_irq35
                0x10000110                isr_irq18
                0x10000110                isr_irq50
                0x10000110                isr_irq9
                0x10000110                isr_irq30
                0x10000110                isr_irq16
                0x10000110                isr_irq44
                0x10000110                isr_irq29
                0x10000110                isr_irq26
                0x10000110                isr_irq33
                0x10000110                isr_irq3
                0x10000110                isr_irq12
                0x10000110                isr_securefault
                0x10000110                isr_irq40
                0x10000110                isr_irq28
                0x10000110                isr_irq19
                0x10000110                isr_irq36
                0x10000110                isr_irq41
                0x10000110                isr_irq0
                0x10000110                isr_irq6
                0x10000110                isr_memmanage
                0x10000110                isr_irq37
                0x10000110                isr_irq42
                0x10000110                isr_irq22
                0x10000110                isr_irq17
                0x10000110                isr_irq38
                0x10000110                isr_irq14
                0x10000110                __vectors_end
                0x10000110                __default_isrs_start
                0x10000110                isr_irq2
                0x10000110                isr_irq10
                0x10000110                isr_irq8
                0x10000110                isr_debugmonitor
                0x10000110                isr_irq24
                0x10000110                isr_irq46
                0x10000110                isr_irq1
                0x10000110                isr_irq47
                0x10000110                isr_irq51
                0x10000110                isr_irq7
                0x10000110                isr_irq21
                0x10000110                isr_irq39
                0x10000110                isr_irq20
                0x10000110                isr_irq15
                0x10000110                isr_irq25
                0x10000110                isr_irq34
                0x10000110                isr_irq4
                0x10000110                isr_busfault
                0x10000116                unhandled_user_irq_num_in_r0
                0x10000118                isr_invalid
                0x1000011a                isr_nmi
                0x1000011c                isr_hardfault
                0x1000011e                isr_svcall
                0x10000120                isr_pendsv
                0x10000122                isr_systick
                0x10000124                __default_isrs_end
 *(.binary_info_header)
 .binary_info_header
                0x10000124       0x14 CMakeFiles/ppmRead.dir/Users/dtope/.pico-sdk/sdk/2.2.0/src/rp2_common/pico_crt0/crt0.S.o
                0x10000138                        __binary_info_header_end = .
 *(.embedded_block)
 .embedded_block
                0x10000138       0x14 CMakeFiles/ppmRead.dir/Users/dtope/.pico-sdk/sdk/2.2.0/src/rp2_common/pico_crt0/crt0.S.o
                0x1000014c                        __embedded_block_end = .
 *(.reset)
 .reset         0x1000014c       0x98 CMakeFiles/ppmRead.dir/Users/dtope/.pico-sdk/sdk/2.2.0/src/rp2_common/pico_crt0/crt0.S.o
                0x1000014c                _entry_point
 *(.init)
 .init          0x100001e4        0x4 /Users/dtope/.pico-sdk/toolchain/14_2_Rel1/bin/../lib/gcc/arm-none-eabi/14.2.1/thumb/v8-m.main+fp/softfp/crti.o
                0x100001e4                _init
 *libgcc.a:cmse_nonsecure_call.o()
 *(EXCLUDE_FILE(*libm.a: *libc.a:*lib_a-mem*.o *libgcc.a:) .text*)
 .text.register_tm_clones
                0x100001e8       0x28 /Users/dtope/.pico-sdk/toolchain/14_2_Rel1/bin/../lib/gcc/arm-none-eabi/14.2.1/thumb/v8-m.main+fp/softfp/crtbegin.o
 .text.frame_dummy
                0x10000210       0x24 /Users/dtope/.pico-sdk/toolchain/14_2_Rel1/bin/../lib/gcc/arm-none-eabi/14.2.1/thumb/v8-m.main+fp/softfp/crtbegin.o
 .text._Z13setup_pwm_pinj
                0x10000234       0x84 CMakeFiles/ppmRead.dir/ppmRead.cpp.o
                0x10000234                setup_pwm_pin(unsigned int)
 .text.startup.main
                0x100002b8      0x14c CMakeFiles/ppmRead.dir/ppmRead.cpp.o
                0x100002b8                main
 .text._Z6ppmISRjm
                0x10000404       0x7c CMakeFiles/ppmRead.dir/PPMReader.cpp.o
                0x10000404                ppmISR(unsigned int, unsigned long)
 .text._ZN9PPMReaderC2Eiii
                0x10000480       0x30 CMakeFiles/ppmRead.dir/PPMReader.cpp.o
                0x10000480                PPMReader::PPMReader(int, int, int)
                0x10000480                PPMReader::PPMReader(int, int, int)
 .text._ZN9PPMReader5beginEv
                0x100004b0       0xa0 CMakeFiles/ppmRead.dir/PPMReader.cpp.o
                0x100004b0                PPMReader::begin()
 .text._ZNK9PPMReader23latestValidChannelValueEit
                0x10000550       0x1c CMakeFiles/ppmRead.dir/PPMReader.cpp.o
                0x10000550                PPMReader::latestValidChannelValue(int, unsigned short) const
 .text._ZN9PPMReader19updateChannelValuesEv
                0x1000056c       0x20 CMakeFiles/ppmRead.dir/PPMReader.cpp.o
                0x1000056c                PPMReader::updateChannelValues()
 .text._ZNK9PPMReader11signalValidEv
                0x1000058c       0x30 CMakeFiles/ppmRead.dir/PPMReader.cpp.o
                0x1000058c                PPMReader::signalValid() const
 .text.gpio_default_irq_handler
                0x100005bc      0x1d4 CMakeFiles/ppmRead.dir/Users/dtope/.pico-sdk/sdk/2.2.0/src/rp2_common/hardware_gpio/gpio.c.o
 .text.gpio_set_function
                0x10000790       0x3c CMakeFiles/ppmRead.dir/Users/dtope/.pico-sdk/sdk/2.2.0/src/rp2_common/hardware_gpio/gpio.c.o
                0x10000790                gpio_set_function
 .text.gpio_set_pulls
                0x100007cc       0x28 CMakeFiles/ppmRead.dir/Users/dtope/.pico-sdk/sdk/2.2.0/src/rp2_common/hardware_gpio/gpio.c.o
                0x100007cc                gpio_set_pulls
 .text.gpio_set_irq_enabled_with_callback
                0x100007f4       0xa8 CMakeFiles/ppmRead.dir/Users/dtope/.pico-sdk/sdk/2.2.0/src/rp2_common/hardware_gpio/gpio.c.o
                0x100007f4                gpio_set_irq_enabled_with_callback
 .text.gpio_init
                0x1000089c       0x48 CMakeFiles/ppmRead.dir/Users/dtope/.pico-sdk/sdk/2.2.0/src/rp2_common/hardware_gpio/gpio.c.o
                0x1000089c                gpio_init
 .text.panic    0x100008e4       0x30 CMakeFiles/ppmRead.dir/Users/dtope/.pico-sdk/sdk/2.2.0/src/rp2_common/pico_platform_panic/panic.c.o
                0x100008e4                panic
 .text.hw_claim_or_assert
                0x10000914       0x58 CMakeFiles/ppmRead.dir/Users/dtope/.pico-sdk/sdk/2.2.0/src/common/hardware_claim/claim.c.o
                0x10000914                hw_claim_or_assert
 .text.hw_claim_unused_from_range
                0x1000096c       0x80 CMakeFiles/ppmRead.dir/Users/dtope/.pico-sdk/sdk/2.2.0/src/common/hardware_claim/claim.c.o
                0x1000096c                hw_claim_unused_from_range
 .text.next_striped_spin_lock_num
                0x100009ec       0x18 CMakeFiles/ppmRead.dir/Users/dtope/.pico-sdk/sdk/2.2.0/src/rp2_common/hardware_sync/sync.c.o
                0x100009ec                next_striped_spin_lock_num
 .text.spin_lock_claim_unused
                0x10000a04       0x20 CMakeFiles/ppmRead.dir/Users/dtope/.pico-sdk/sdk/2.2.0/src/rp2_common/hardware_sync/sync.c.o
                0x10000a04                spin_lock_claim_unused
 .text.spinlock_set_extexclall
                0x10000a24       0x10 CMakeFiles/ppmRead.dir/Users/dtope/.pico-sdk/sdk/2.2.0/src/rp2_common/hardware_sync_spin_lock/sync_spin_lock.c.o
 .text.spin_locks_reset
                0x10000a34       0x18 CMakeFiles/ppmRead.dir/Users/dtope/.pico-sdk/sdk/2.2.0/src/rp2_common/hardware_sync_spin_lock/sync_spin_lock.c.o
                0x10000a34                spin_locks_reset
 .text.runtime_init_per_core_irq_priorities
                0x10000a4c       0x40 CMakeFiles/ppmRead.dir/Users/dtope/.pico-sdk/sdk/2.2.0/src/rp2_common/hardware_irq/irq.c.o
                0x10000a4c                runtime_init_per_core_irq_priorities
 .text.irq_set_enabled
                0x10000a8c       0x2c CMakeFiles/ppmRead.dir/Users/dtope/.pico-sdk/sdk/2.2.0/src/rp2_common/hardware_irq/irq.c.o
                0x10000a8c                irq_set_enabled
 .text.irq_is_enabled
                0x10000ab8       0x20 CMakeFiles/ppmRead.dir/Users/dtope/.pico-sdk/sdk/2.2.0/src/rp2_common/hardware_irq/irq.c.o
                0x10000ab8                irq_is_enabled
 .text.irq_set_pending
                0x10000ad8       0x18 CMakeFiles/ppmRead.dir/Users/dtope/.pico-sdk/sdk/2.2.0/src/rp2_common/hardware_irq/irq.c.o
                0x10000ad8                irq_set_pending
 .text.irq_has_shared_handler
                0x10000af0       0x20 CMakeFiles/ppmRead.dir/Users/dtope/.pico-sdk/sdk/2.2.0/src/rp2_common/hardware_irq/irq.c.o
                0x10000af0                irq_has_shared_handler
 .text.irq_set_exclusive_handler
                0x10000b10       0x60 CMakeFiles/ppmRead.dir/Users/dtope/.pico-sdk/sdk/2.2.0/src/rp2_common/hardware_irq/irq.c.o
                0x10000b10                irq_set_exclusive_handler
 .text.irq_add_shared_handler
                0x10000b70      0x1e8 CMakeFiles/ppmRead.dir/Users/dtope/.pico-sdk/sdk/2.2.0/src/rp2_common/hardware_irq/irq.c.o
                0x10000b70                irq_add_shared_handler
 .text.irq_remove_handler
                0x10000d58      0x1f4 CMakeFiles/ppmRead.dir/Users/dtope/.pico-sdk/sdk/2.2.0/src/rp2_common/hardware_irq/irq.c.o
                0x10000d58                irq_remove_handler
 .text.irq_add_tail_to_free_list
                0x10000f4c       0xbc CMakeFiles/ppmRead.dir/Users/dtope/.pico-sdk/sdk/2.2.0/src/rp2_common/hardware_irq/irq.c.o
                0x10000f4c                irq_add_tail_to_free_list
 .text.user_irq_claim_unused
                0x10001008       0x28 CMakeFiles/ppmRead.dir/Users/dtope/.pico-sdk/sdk/2.2.0/src/rp2_common/hardware_irq/irq.c.o
                0x10001008                user_irq_claim_unused
 .text.lock_init
                0x10001030        0xc CMakeFiles/ppmRead.dir/Users/dtope/.pico-sdk/sdk/2.2.0/src/common/pico_sync/lock_core.c.o
                0x10001030                lock_init
 .text.runtime_init_mutex
                0x1000103c       0x4c CMakeFiles/ppmRead.dir/Users/dtope/.pico-sdk/sdk/2.2.0/src/common/pico_sync/mutex.c.o
                0x1000103c                runtime_init_mutex
 .text.mutex_init
                0x10001088       0x1c CMakeFiles/ppmRead.dir/Users/dtope/.pico-sdk/sdk/2.2.0/src/common/pico_sync/mutex.c.o
                0x10001088                mutex_init
 .text.critical_section_init
                0x100010a4       0x1c CMakeFiles/ppmRead.dir/Users/dtope/.pico-sdk/sdk/2.2.0/src/common/pico_sync/critical_section.c.o
                0x100010a4                critical_section_init
 .text.critical_section_init_with_lock_num
                0x100010c0       0x10 CMakeFiles/ppmRead.dir/Users/dtope/.pico-sdk/sdk/2.2.0/src/common/pico_sync/critical_section.c.o
                0x100010c0                critical_section_init_with_lock_num
 .text.sleep_until_callback
                0x100010d0       0x3c CMakeFiles/ppmRead.dir/Users/dtope/.pico-sdk/sdk/2.2.0/src/common/pico_time/time.c.o
 *fill*         0x1000110c        0x4 
 .text.alarm_pool_irq_handler
                0x10001110      0x2f0 CMakeFiles/ppmRead.dir/Users/dtope/.pico-sdk/sdk/2.2.0/src/common/pico_time/time.c.o
 .text.runtime_init_default_alarm_pool
                0x10001400      0x100 CMakeFiles/ppmRead.dir/Users/dtope/.pico-sdk/sdk/2.2.0/src/common/pico_time/time.c.o
                0x10001400                runtime_init_default_alarm_pool
 .text.alarm_pool_get_default
                0x10001500        0x8 CMakeFiles/ppmRead.dir/Users/dtope/.pico-sdk/sdk/2.2.0/src/common/pico_time/time.c.o
                0x10001500                alarm_pool_get_default
 .text.alarm_pool_add_alarm_at
                0x10001508       0xdc CMakeFiles/ppmRead.dir/Users/dtope/.pico-sdk/sdk/2.2.0/src/common/pico_time/time.c.o
                0x10001508                alarm_pool_add_alarm_at
 .text.alarm_pool_add_alarm_at_force_in_context
                0x100015e4       0xc8 CMakeFiles/ppmRead.dir/Users/dtope/.pico-sdk/sdk/2.2.0/src/common/pico_time/time.c.o
                0x100015e4                alarm_pool_add_alarm_at_force_in_context
 .text.alarm_pool_cancel_alarm
                0x100016ac       0x80 CMakeFiles/ppmRead.dir/Users/dtope/.pico-sdk/sdk/2.2.0/src/common/pico_time/time.c.o
                0x100016ac                alarm_pool_cancel_alarm
 .text.alarm_pool_core_num
                0x1000172c        0x4 CMakeFiles/ppmRead.dir/Users/dtope/.pico-sdk/sdk/2.2.0/src/common/pico_time/time.c.o
                0x1000172c                alarm_pool_core_num
 .text.sleep_ms
                0x10001730       0xdc CMakeFiles/ppmRead.dir/Users/dtope/.pico-sdk/sdk/2.2.0/src/common/pico_time/time.c.o
                0x10001730                sleep_ms
 .text.best_effort_wfe_or_timeout
                0x1000180c       0xd4 CMakeFiles/ppmRead.dir/Users/dtope/.pico-sdk/sdk/2.2.0/src/common/pico_time/time.c.o
                0x1000180c                best_effort_wfe_or_timeout
 .text.timer_hardware_alarm_claim
                0x100018e0       0x24 CMakeFiles/ppmRead.dir/Users/dtope/.pico-sdk/sdk/2.2.0/src/rp2_common/hardware_timer/timer.c.o
                0x100018e0                timer_hardware_alarm_claim
 .text.timer_time_us_64
                0x10001904       0x10 CMakeFiles/ppmRead.dir/Users/dtope/.pico-sdk/sdk/2.2.0/src/rp2_common/hardware_timer/timer.c.o
                0x10001904                timer_time_us_64
 .text.time_us_64
                0x10001914       0x14 CMakeFiles/ppmRead.dir/Users/dtope/.pico-sdk/sdk/2.2.0/src/rp2_common/hardware_timer/timer.c.o
                0x10001914                time_us_64
 .text.busy_wait_us
                0x10001928       0x5c CMakeFiles/ppmRead.dir/Users/dtope/.pico-sdk/sdk/2.2.0/src/rp2_common/hardware_timer/timer.c.o
                0x10001928                busy_wait_us
 .text.busy_wait_until
                0x10001984       0x24 CMakeFiles/ppmRead.dir/Users/dtope/.pico-sdk/sdk/2.2.0/src/rp2_common/hardware_timer/timer.c.o
                0x10001984                busy_wait_until
 .text.uart_init
                0x100019a8      0x104 CMakeFiles/ppmRead.dir/Users/dtope/.pico-sdk/sdk/2.2.0/src/rp2_common/hardware_uart/uart.c.o
                0x100019a8                uart_init
 .text.clock_configure_undivided
                0x10001aac       0xd0 CMakeFiles/ppmRead.dir/Users/dtope/.pico-sdk/sdk/2.2.0/src/rp2_common/hardware_clocks/clocks.c.o
                0x10001aac                clock_configure_undivided
 .text.clock_get_hz
                0x10001b7c        0xc CMakeFiles/ppmRead.dir/Users/dtope/.pico-sdk/sdk/2.2.0/src/rp2_common/hardware_clocks/clocks.c.o
                0x10001b7c                clock_get_hz
 .text.pll_init
                0x10001b88       0x8c CMakeFiles/ppmRead.dir/Users/dtope/.pico-sdk/sdk/2.2.0/src/rp2_common/hardware_pll/pll.c.o
                0x10001b88                pll_init
 .text.watchdog_reboot
                0x10001c14       0x98 CMakeFiles/ppmRead.dir/Users/dtope/.pico-sdk/sdk/2.2.0/src/rp2_common/hardware_watchdog/watchdog.c.o
                0x10001c14                watchdog_reboot
 .text.tick_start
                0x10001cac       0x18 CMakeFiles/ppmRead.dir/Users/dtope/.pico-sdk/sdk/2.2.0/src/rp2_common/hardware_ticks/ticks.c.o
                0x10001cac                tick_start
 .text.rom_reboot.constprop.0.isra.0
                0x10001cc4       0x34 CMakeFiles/ppmRead.dir/Users/dtope/.pico-sdk/sdk/2.2.0/src/rp2_common/pico_bootrom/bootrom.c.o
 .text.rom_func_lookup
                0x10001cf8       0x18 CMakeFiles/ppmRead.dir/Users/dtope/.pico-sdk/sdk/2.2.0/src/rp2_common/pico_bootrom/bootrom.c.o
                0x10001cf8                rom_func_lookup
 .text.rom_reset_usb_boot_extra
                0x10001d10       0x1c CMakeFiles/ppmRead.dir/Users/dtope/.pico-sdk/sdk/2.2.0/src/rp2_common/pico_bootrom/bootrom.c.o
                0x10001d10                rom_reset_usb_boot_extra
 .text.runtime_init_bootrom_locking_enable
                0x10001d2c       0x14 CMakeFiles/ppmRead.dir/Users/dtope/.pico-sdk/sdk/2.2.0/src/rp2_common/pico_bootrom/bootrom_lock.c.o
                0x10001d2c                runtime_init_bootrom_locking_enable
 .text.runtime_init_boot_locks_reset
                0x10001d40       0x1c CMakeFiles/ppmRead.dir/Users/dtope/.pico-sdk/sdk/2.2.0/src/rp2_common/hardware_boot_lock/boot_lock.c.o
                0x10001d40                runtime_init_boot_locks_reset
 .text.xosc_init
                0x10001d5c       0x30 CMakeFiles/ppmRead.dir/Users/dtope/.pico-sdk/sdk/2.2.0/src/rp2_common/hardware_xosc/xosc.c.o
                0x10001d5c                xosc_init
 .text.first_per_core_initializer
                0x10001d8c        0x4 CMakeFiles/ppmRead.dir/Users/dtope/.pico-sdk/sdk/2.2.0/src/rp2_common/pico_runtime/runtime.c.o
 .text.hard_assertion_failure
                0x10001d90        0xc CMakeFiles/ppmRead.dir/Users/dtope/.pico-sdk/sdk/2.2.0/src/rp2_common/pico_runtime/runtime.c.o
                0x10001d90                hard_assertion_failure
 .text.runtime_run_initializers
                0x10001d9c       0x20 CMakeFiles/ppmRead.dir/Users/dtope/.pico-sdk/sdk/2.2.0/src/rp2_common/pico_runtime/runtime.c.o
                0x10001d9c                runtime_run_initializers
 .text.runtime_init_early_resets
                0x10001dbc       0x34 CMakeFiles/ppmRead.dir/Users/dtope/.pico-sdk/sdk/2.2.0/src/rp2_common/pico_runtime_init/runtime_init.c.o
                0x10001dbc                runtime_init_early_resets
 .text.runtime_init_usb_power_down
                0x10001df0       0x1c CMakeFiles/ppmRead.dir/Users/dtope/.pico-sdk/sdk/2.2.0/src/rp2_common/pico_runtime_init/runtime_init.c.o
                0x10001df0                runtime_init_usb_power_down
 .text.runtime_init_per_core_enable_coprocessors
                0x10001e0c       0x1c CMakeFiles/ppmRead.dir/Users/dtope/.pico-sdk/sdk/2.2.0/src/rp2_common/pico_runtime_init/runtime_init.c.o
                0x10001e0c                runtime_init_per_core_enable_coprocessors
 .text.runtime_init_post_clock_resets
                0x10001e28       0x20 CMakeFiles/ppmRead.dir/Users/dtope/.pico-sdk/sdk/2.2.0/src/rp2_common/pico_runtime_init/runtime_init.c.o
                0x10001e28                runtime_init_post_clock_resets
 .text.runtime_init_bootrom_reset
                0x10001e48       0x14 CMakeFiles/ppmRead.dir/Users/dtope/.pico-sdk/sdk/2.2.0/src/rp2_common/pico_runtime_init/runtime_init.c.o
                0x10001e48                runtime_init_bootrom_reset
 .text.runtime_init_per_core_bootrom_reset
                0x10001e5c       0x14 CMakeFiles/ppmRead.dir/Users/dtope/.pico-sdk/sdk/2.2.0/src/rp2_common/pico_runtime_init/runtime_init.c.o
                0x10001e5c                runtime_init_per_core_bootrom_reset
 .text.runtime_init_spin_locks_reset
                0x10001e70        0x4 CMakeFiles/ppmRead.dir/Users/dtope/.pico-sdk/sdk/2.2.0/src/rp2_common/pico_runtime_init/runtime_init.c.o
                0x10001e70                runtime_init_spin_locks_reset
 .text.runtime_init_install_ram_vector_table
                0x10001e74       0x68 CMakeFiles/ppmRead.dir/Users/dtope/.pico-sdk/sdk/2.2.0/src/rp2_common/pico_runtime_init/runtime_init.c.o
                0x10001e74                runtime_init_install_ram_vector_table
 .text.runtime_init_clocks
                0x10001edc       0xdc CMakeFiles/ppmRead.dir/Users/dtope/.pico-sdk/sdk/2.2.0/src/rp2_common/pico_runtime_init/runtime_init_clocks.c.o
                0x10001edc                runtime_init_clocks
 .text.__rp2350_dcp_engaged_state_save_restore
                0x10001fb8       0x3a CMakeFiles/ppmRead.dir/Users/dtope/.pico-sdk/sdk/2.2.0/src/rp2_common/pico_double/double_aeabi_dcp.S.o
 *fill*         0x10001ff2        0x2 
 .text.__wrap___aeabi_dadd
                0x10001ff4       0x28 CMakeFiles/ppmRead.dir/Users/dtope/.pico-sdk/sdk/2.2.0/src/rp2_common/pico_double/double_aeabi_dcp.S.o
                0x10001ffc                __wrap___aeabi_dadd
 .text.__wrap___aeabi_dsub
                0x1000201c       0x28 CMakeFiles/ppmRead.dir/Users/dtope/.pico-sdk/sdk/2.2.0/src/rp2_common/pico_double/double_aeabi_dcp.S.o
                0x10002024                __wrap___aeabi_dsub
 .text.__wrap___aeabi_dmul
                0x10002044       0x4c CMakeFiles/ppmRead.dir/Users/dtope/.pico-sdk/sdk/2.2.0/src/rp2_common/pico_double/double_aeabi_dcp.S.o
                0x1000204c                __wrap___aeabi_dmul
 .text.__wrap___aeabi_ddiv
                0x10002090       0x9c CMakeFiles/ppmRead.dir/Users/dtope/.pico-sdk/sdk/2.2.0/src/rp2_common/pico_double/double_aeabi_dcp.S.o
                0x10002098                __wrap___aeabi_ddiv
 .text.__wrap___aeabi_i2d
                0x1000212c       0x24 CMakeFiles/ppmRead.dir/Users/dtope/.pico-sdk/sdk/2.2.0/src/rp2_common/pico_double/double_aeabi_dcp.S.o
                0x10002134                __wrap___aeabi_i2d
                0x10002134                int2double
 .text.__wrap___aeabi_ui2d
                0x10002150       0x24 CMakeFiles/ppmRead.dir/Users/dtope/.pico-sdk/sdk/2.2.0/src/rp2_common/pico_double/double_aeabi_dcp.S.o
                0x10002158                __wrap___aeabi_ui2d
                0x10002158                uint2double
 .text.__wrap___aeabi_d2iz
                0x10002174       0x24 CMakeFiles/ppmRead.dir/Users/dtope/.pico-sdk/sdk/2.2.0/src/rp2_common/pico_double/double_aeabi_dcp.S.o
                0x1000217c                __wrap___aeabi_d2iz
                0x1000217c                double2int_z
 .text.__wrap___aeabi_d2uiz
                0x10002198       0x24 CMakeFiles/ppmRead.dir/Users/dtope/.pico-sdk/sdk/2.2.0/src/rp2_common/pico_double/double_aeabi_dcp.S.o
                0x100021a0                double2uint_z
                0x100021a0                double2uint
                0x100021a0                __wrap___aeabi_d2uiz
 .text.__wrap___aeabi_dcmpun
                0x100021bc       0x24 CMakeFiles/ppmRead.dir/Users/dtope/.pico-sdk/sdk/2.2.0/src/rp2_common/pico_double/double_aeabi_dcp.S.o
                0x100021c4                __wrap___aeabi_dcmpun
 .text.__wrap___aeabi_dcmplt
                0x100021e0       0x28 CMakeFiles/ppmRead.dir/Users/dtope/.pico-sdk/sdk/2.2.0/src/rp2_common/pico_double/double_aeabi_dcp.S.o
                0x100021e8                __wrap___aeabi_dcmplt
 .text.__wrap___aeabi_dcmple
                0x10002208       0x28 CMakeFiles/ppmRead.dir/Users/dtope/.pico-sdk/sdk/2.2.0/src/rp2_common/pico_double/double_aeabi_dcp.S.o
                0x10002210                __wrap___aeabi_dcmple
 .text.__wrap___aeabi_dcmpge
                0x10002230       0x28 CMakeFiles/ppmRead.dir/Users/dtope/.pico-sdk/sdk/2.2.0/src/rp2_common/pico_double/double_aeabi_dcp.S.o
                0x10002238                __wrap___aeabi_dcmpge
 .text.__wrap___aeabi_dcmpgt
                0x10002258       0x28 CMakeFiles/ppmRead.dir/Users/dtope/.pico-sdk/sdk/2.2.0/src/rp2_common/pico_double/double_aeabi_dcp.S.o
                0x10002260                __wrap___aeabi_dcmpgt
 .text._out_null
                0x10002280        0x4 CMakeFiles/ppmRead.dir/Users/dtope/.pico-sdk/sdk/2.2.0/src/rp2_common/pico_printf/printf.c.o
 .text._out_rev
                0x10002284       0x9c CMakeFiles/ppmRead.dir/Users/dtope/.pico-sdk/sdk/2.2.0/src/rp2_common/pico_printf/printf.c.o
 .text._ntoa_format
                0x10002320      0x1d4 CMakeFiles/ppmRead.dir/Users/dtope/.pico-sdk/sdk/2.2.0/src/rp2_common/pico_printf/printf.c.o
 .text._out_char
                0x100024f4        0x8 CMakeFiles/ppmRead.dir/Users/dtope/.pico-sdk/sdk/2.2.0/src/rp2_common/pico_printf/printf.c.o
 .text._out_fct
                0x100024fc        0xc CMakeFiles/ppmRead.dir/Users/dtope/.pico-sdk/sdk/2.2.0/src/rp2_common/pico_printf/printf.c.o
 .text._ftoa    0x10002508      0x4bc CMakeFiles/ppmRead.dir/Users/dtope/.pico-sdk/sdk/2.2.0/src/rp2_common/pico_printf/printf.c.o
 *fill*         0x100029c4        0x4 
 .text._etoa    0x100029c8      0x574 CMakeFiles/ppmRead.dir/Users/dtope/.pico-sdk/sdk/2.2.0/src/rp2_common/pico_printf/printf.c.o
 .text._vsnprintf
                0x10002f3c      0x9e4 CMakeFiles/ppmRead.dir/Users/dtope/.pico-sdk/sdk/2.2.0/src/rp2_common/pico_printf/printf.c.o
 .text.vfctprintf
                0x10003920       0x28 CMakeFiles/ppmRead.dir/Users/dtope/.pico-sdk/sdk/2.2.0/src/rp2_common/pico_printf/printf.c.o
                0x10003920                vfctprintf
 .text.weak_raw_vprintf
                0x10003948       0x30 CMakeFiles/ppmRead.dir/Users/dtope/.pico-sdk/sdk/2.2.0/src/rp2_common/pico_printf/printf.c.o
                0x10003948                weak_raw_vprintf
 .text._exit    0x10003978        0x4 CMakeFiles/ppmRead.dir/Users/dtope/.pico-sdk/sdk/2.2.0/src/rp2_common/pico_clib_interface/newlib_interface.c.o
                0x10003978                _exit
 .text.exit     0x1000397c        0x8 CMakeFiles/ppmRead.dir/Users/dtope/.pico-sdk/sdk/2.2.0/src/rp2_common/pico_clib_interface/newlib_interface.c.o
                0x1000397c                exit
 .text.runtime_init
                0x10003984       0x24 CMakeFiles/ppmRead.dir/Users/dtope/.pico-sdk/sdk/2.2.0/src/rp2_common/pico_clib_interface/newlib_interface.c.o
                0x10003984                runtime_init
 .text.stdio_out_chars_no_crlf
                0x100039a8        0x8 CMakeFiles/ppmRead.dir/Users/dtope/.pico-sdk/sdk/2.2.0/src/rp2_common/pico_stdio/stdio.c.o
 .text.stdio_out_chars_crlf
                0x100039b0       0xb0 CMakeFiles/ppmRead.dir/Users/dtope/.pico-sdk/sdk/2.2.0/src/rp2_common/pico_stdio/stdio.c.o
 .text.stdio_buffered_printer
                0x10003a60       0x60 CMakeFiles/ppmRead.dir/Users/dtope/.pico-sdk/sdk/2.2.0/src/rp2_common/pico_stdio/stdio.c.o
 .text.stdio_put_string
                0x10003ac0       0xec CMakeFiles/ppmRead.dir/Users/dtope/.pico-sdk/sdk/2.2.0/src/rp2_common/pico_stdio/stdio.c.o
                0x10003ac0                stdio_put_string
 .text.stdio_set_driver_enabled
                0x10003bac       0x28 CMakeFiles/ppmRead.dir/Users/dtope/.pico-sdk/sdk/2.2.0/src/rp2_common/pico_stdio/stdio.c.o
                0x10003bac                stdio_set_driver_enabled
 .text.stdio_init_all
                0x10003bd4       0x10 CMakeFiles/ppmRead.dir/Users/dtope/.pico-sdk/sdk/2.2.0/src/rp2_common/pico_stdio/stdio.c.o
                0x10003bd4                stdio_init_all
 .text.__wrap_putchar
                0x10003be4       0x84 CMakeFiles/ppmRead.dir/Users/dtope/.pico-sdk/sdk/2.2.0/src/rp2_common/pico_stdio/stdio.c.o
                0x10003be4                stdio_putchar
                0x10003be4                __wrap_putchar
 .text.__wrap_puts
                0x10003c68       0x3c CMakeFiles/ppmRead.dir/Users/dtope/.pico-sdk/sdk/2.2.0/src/rp2_common/pico_stdio/stdio.c.o
                0x10003c68                __wrap_puts
                0x10003c68                stdio_puts
 .text.__wrap_vprintf
                0x10003ca4       0xc4 CMakeFiles/ppmRead.dir/Users/dtope/.pico-sdk/sdk/2.2.0/src/rp2_common/pico_stdio/stdio.c.o
                0x10003ca4                __wrap_vprintf
                0x10003ca4                stdio_vprintf
 .text.__wrap_printf
                0x10003d68       0x1c CMakeFiles/ppmRead.dir/Users/dtope/.pico-sdk/sdk/2.2.0/src/rp2_common/pico_stdio/stdio.c.o
                0x10003d68                stdio_printf
                0x10003d68                __wrap_printf
 .text.stdio_uart_out_chars
                0x10003d84       0x50 CMakeFiles/ppmRead.dir/Users/dtope/.pico-sdk/sdk/2.2.0/src/rp2_common/pico_stdio_uart/stdio_uart.c.o
 .text.stdio_uart_in_chars
                0x10003dd4       0x94 CMakeFiles/ppmRead.dir/Users/dtope/.pico-sdk/sdk/2.2.0/src/rp2_common/pico_stdio_uart/stdio_uart.c.o
                0x10003dd4                stdio_uart_in_chars
 .text.on_uart_rx
                0x10003e68       0x24 CMakeFiles/ppmRead.dir/Users/dtope/.pico-sdk/sdk/2.2.0/src/rp2_common/pico_stdio_uart/stdio_uart.c.o
 .text.stdio_uart_out_flush
                0x10003e8c       0x10 CMakeFiles/ppmRead.dir/Users/dtope/.pico-sdk/sdk/2.2.0/src/rp2_common/pico_stdio_uart/stdio_uart.c.o
 .text.stdio_uart_set_chars_available_callback
                0x10003e9c       0x88 CMakeFiles/ppmRead.dir/Users/dtope/.pico-sdk/sdk/2.2.0/src/rp2_common/pico_stdio_uart/stdio_uart.c.o
 .text.stdio_uart_init
                0x10003f24       0x54 CMakeFiles/ppmRead.dir/Users/dtope/.pico-sdk/sdk/2.2.0/src/rp2_common/pico_stdio_uart/stdio_uart.c.o
                0x10003f24                stdio_uart_init
 .text.resetd_init
                0x10003f78        0x4 CMakeFiles/ppmRead.dir/Users/dtope/.pico-sdk/sdk/2.2.0/src/rp2_common/pico_stdio_usb/reset_interface.c.o
 .text.resetd_reset
                0x10003f7c        0xc CMakeFiles/ppmRead.dir/Users/dtope/.pico-sdk/sdk/2.2.0/src/rp2_common/pico_stdio_usb/reset_interface.c.o
 .text.resetd_open
                0x10003f88       0x28 CMakeFiles/ppmRead.dir/Users/dtope/.pico-sdk/sdk/2.2.0/src/rp2_common/pico_stdio_usb/reset_interface.c.o
 .text.resetd_xfer_cb
                0x10003fb0        0x4 CMakeFiles/ppmRead.dir/Users/dtope/.pico-sdk/sdk/2.2.0/src/rp2_common/pico_stdio_usb/reset_interface.c.o
 .text.resetd_control_xfer_cb
                0x10003fb4       0x50 CMakeFiles/ppmRead.dir/Users/dtope/.pico-sdk/sdk/2.2.0/src/rp2_common/pico_stdio_usb/reset_interface.c.o
 .text.tud_descriptor_bos_cb
                0x10004004        0x8 CMakeFiles/ppmRead.dir/Users/dtope/.pico-sdk/sdk/2.2.0/src/rp2_common/pico_stdio_usb/reset_interface.c.o
                0x10004004                tud_descriptor_bos_cb
 .text.tud_vendor_control_xfer_cb
                0x1000400c       0x28 CMakeFiles/ppmRead.dir/Users/dtope/.pico-sdk/sdk/2.2.0/src/rp2_common/pico_stdio_usb/reset_interface.c.o
                0x1000400c                tud_vendor_control_xfer_cb
 .text.usbd_app_driver_get_cb
                0x10004034       0x10 CMakeFiles/ppmRead.dir/Users/dtope/.pico-sdk/sdk/2.2.0/src/rp2_common/pico_stdio_usb/reset_interface.c.o
                0x10004034                usbd_app_driver_get_cb
 .text.tud_cdc_line_coding_cb
                0x10004044       0x18 CMakeFiles/ppmRead.dir/Users/dtope/.pico-sdk/sdk/2.2.0/src/rp2_common/pico_stdio_usb/reset_interface.c.o
                0x10004044                tud_cdc_line_coding_cb
 .text.stdio_usb_set_chars_available_callback
                0x1000405c       0x14 CMakeFiles/ppmRead.dir/Users/dtope/.pico-sdk/sdk/2.2.0/src/rp2_common/pico_stdio_usb/stdio_usb.c.o
                0x1000405c                stdio_usb_set_chars_available_callback
 .text.timer_task
                0x10004070       0x70 CMakeFiles/ppmRead.dir/Users/dtope/.pico-sdk/sdk/2.2.0/src/rp2_common/pico_stdio_usb/stdio_usb.c.o
 .text.usb_irq  0x100040e0        0xc CMakeFiles/ppmRead.dir/Users/dtope/.pico-sdk/sdk/2.2.0/src/rp2_common/pico_stdio_usb/stdio_usb.c.o
 .text.stdio_usb_in_chars
                0x100040ec       0x88 CMakeFiles/ppmRead.dir/Users/dtope/.pico-sdk/sdk/2.2.0/src/rp2_common/pico_stdio_usb/stdio_usb.c.o
                0x100040ec                stdio_usb_in_chars
 .text.stdio_usb_out_flush
                0x10004174       0x54 CMakeFiles/ppmRead.dir/Users/dtope/.pico-sdk/sdk/2.2.0/src/rp2_common/pico_stdio_usb/stdio_usb.c.o
 .text.stdio_usb_out_chars
                0x100041c8       0xf4 CMakeFiles/ppmRead.dir/Users/dtope/.pico-sdk/sdk/2.2.0/src/rp2_common/pico_stdio_usb/stdio_usb.c.o
 .text.low_priority_worker_irq
                0x100042bc       0xd8 CMakeFiles/ppmRead.dir/Users/dtope/.pico-sdk/sdk/2.2.0/src/rp2_common/pico_stdio_usb/stdio_usb.c.o
 .text.stdio_usb_init
                0x10004394       0xe8 CMakeFiles/ppmRead.dir/Users/dtope/.pico-sdk/sdk/2.2.0/src/rp2_common/pico_stdio_usb/stdio_usb.c.o
                0x10004394                stdio_usb_init
 .text.tud_descriptor_device_cb
                0x1000447c        0x8 CMakeFiles/ppmRead.dir/Users/dtope/.pico-sdk/sdk/2.2.0/src/rp2_common/pico_stdio_usb/stdio_usb_descriptors.c.o
                0x1000447c                tud_descriptor_device_cb
 .text.tud_descriptor_configuration_cb
                0x10004484        0x8 CMakeFiles/ppmRead.dir/Users/dtope/.pico-sdk/sdk/2.2.0/src/rp2_common/pico_stdio_usb/stdio_usb_descriptors.c.o
                0x10004484                tud_descriptor_configuration_cb
 .text.tud_descriptor_string_cb
                0x1000448c       0x70 CMakeFiles/ppmRead.dir/Users/dtope/.pico-sdk/sdk/2.2.0/src/rp2_common/pico_stdio_usb/stdio_usb_descriptors.c.o
                0x1000448c                tud_descriptor_string_cb
 .text.startup._retrieve_unique_id_on_boot
                0x100044fc       0x30 CMakeFiles/ppmRead.dir/Users/dtope/.pico-sdk/sdk/2.2.0/src/rp2_common/pico_unique_id/unique_id.c.o
 .text.pico_get_unique_board_id_string
                0x1000452c      0x184 CMakeFiles/ppmRead.dir/Users/dtope/.pico-sdk/sdk/2.2.0/src/rp2_common/pico_unique_id/unique_id.c.o
                0x1000452c                pico_get_unique_board_id_string
 .text.dcd_init
                0x100046b0       0x8c CMakeFiles/ppmRead.dir/Users/dtope/.pico-sdk/sdk/2.2.0/lib/tinyusb/src/portable/raspberrypi/rp2040/dcd_rp2040.c.o
                0x100046b0                dcd_init
 .text.dcd_int_enable
                0x1000473c        0x8 CMakeFiles/ppmRead.dir/Users/dtope/.pico-sdk/sdk/2.2.0/lib/tinyusb/src/portable/raspberrypi/rp2040/dcd_rp2040.c.o
                0x1000473c                dcd_int_enable
 .text.dcd_set_address
                0x10004744       0x10 CMakeFiles/ppmRead.dir/Users/dtope/.pico-sdk/sdk/2.2.0/lib/tinyusb/src/portable/raspberrypi/rp2040/dcd_rp2040.c.o
                0x10004744                dcd_set_address
 .text.dcd_sof_enable
                0x10004754       0x1c CMakeFiles/ppmRead.dir/Users/dtope/.pico-sdk/sdk/2.2.0/lib/tinyusb/src/portable/raspberrypi/rp2040/dcd_rp2040.c.o
                0x10004754                dcd_sof_enable
 .text.dcd_edpt0_status_complete
                0x10004770       0x1c CMakeFiles/ppmRead.dir/Users/dtope/.pico-sdk/sdk/2.2.0/lib/tinyusb/src/portable/raspberrypi/rp2040/dcd_rp2040.c.o
                0x10004770                dcd_edpt0_status_complete
 .text.dcd_edpt_open
                0x1000478c      0x104 CMakeFiles/ppmRead.dir/Users/dtope/.pico-sdk/sdk/2.2.0/lib/tinyusb/src/portable/raspberrypi/rp2040/dcd_rp2040.c.o
                0x1000478c                dcd_edpt_open
 .text.dcd_edpt_close_all
                0x10004890        0x4 CMakeFiles/ppmRead.dir/Users/dtope/.pico-sdk/sdk/2.2.0/lib/tinyusb/src/portable/raspberrypi/rp2040/dcd_rp2040.c.o
                0x10004890                dcd_edpt_close_all
 .text.dcd_edpt_xfer
                0x10004894       0x28 CMakeFiles/ppmRead.dir/Users/dtope/.pico-sdk/sdk/2.2.0/lib/tinyusb/src/portable/raspberrypi/rp2040/dcd_rp2040.c.o
                0x10004894                dcd_edpt_xfer
 .text.dcd_edpt_stall
                0x100048bc       0x30 CMakeFiles/ppmRead.dir/Users/dtope/.pico-sdk/sdk/2.2.0/lib/tinyusb/src/portable/raspberrypi/rp2040/dcd_rp2040.c.o
                0x100048bc                dcd_edpt_stall
 .text.dcd_edpt_clear_stall
                0x100048ec       0x24 CMakeFiles/ppmRead.dir/Users/dtope/.pico-sdk/sdk/2.2.0/lib/tinyusb/src/portable/raspberrypi/rp2040/dcd_rp2040.c.o
                0x100048ec                dcd_edpt_clear_stall
 .text.rp2040_usb_init
                0x10004910       0x40 CMakeFiles/ppmRead.dir/Users/dtope/.pico-sdk/sdk/2.2.0/lib/tinyusb/src/portable/raspberrypi/rp2040/rp2040_usb.c.o
                0x10004910                rp2040_usb_init
 .text.hw_endpoint_xfer_start
                0x10004950       0x40 CMakeFiles/ppmRead.dir/Users/dtope/.pico-sdk/sdk/2.2.0/lib/tinyusb/src/portable/raspberrypi/rp2040/rp2040_usb.c.o
                0x10004950                hw_endpoint_xfer_start
 .text.configuration_reset
                0x10004990       0x8c CMakeFiles/ppmRead.dir/Users/dtope/.pico-sdk/sdk/2.2.0/lib/tinyusb/src/device/usbd.c.o
 .text.tud_event_hook_cb
                0x10004a1c        0x4 CMakeFiles/ppmRead.dir/Users/dtope/.pico-sdk/sdk/2.2.0/lib/tinyusb/src/device/usbd.c.o
                0x10004a1c                tud_event_hook_cb
 .text.tud_sof_cb
                0x10004a20        0x4 CMakeFiles/ppmRead.dir/Users/dtope/.pico-sdk/sdk/2.2.0/lib/tinyusb/src/device/usbd.c.o
                0x10004a20                tud_sof_cb
 .text.tud_descriptor_device_qualifier_cb
                0x10004a24        0x4 CMakeFiles/ppmRead.dir/Users/dtope/.pico-sdk/sdk/2.2.0/lib/tinyusb/src/device/usbd.c.o
                0x10004a24                tud_descriptor_device_qualifier_cb
 .text.tud_descriptor_other_speed_configuration_cb
                0x10004a28        0x4 CMakeFiles/ppmRead.dir/Users/dtope/.pico-sdk/sdk/2.2.0/lib/tinyusb/src/device/usbd.c.o
                0x10004a28                tud_descriptor_other_speed_configuration_cb
 .text.tud_mount_cb
                0x10004a2c        0x4 CMakeFiles/ppmRead.dir/Users/dtope/.pico-sdk/sdk/2.2.0/lib/tinyusb/src/device/usbd.c.o
                0x10004a2c                tud_mount_cb
 .text.tud_umount_cb
                0x10004a30        0x4 CMakeFiles/ppmRead.dir/Users/dtope/.pico-sdk/sdk/2.2.0/lib/tinyusb/src/device/usbd.c.o
                0x10004a30                tud_umount_cb
 .text.tud_suspend_cb
                0x10004a34        0x4 CMakeFiles/ppmRead.dir/Users/dtope/.pico-sdk/sdk/2.2.0/lib/tinyusb/src/device/usbd.c.o
                0x10004a34                tud_suspend_cb
 .text.tud_resume_cb
                0x10004a38        0x4 CMakeFiles/ppmRead.dir/Users/dtope/.pico-sdk/sdk/2.2.0/lib/tinyusb/src/device/usbd.c.o
                0x10004a38                tud_resume_cb
 .text.tud_mounted
                0x10004a3c       0x10 CMakeFiles/ppmRead.dir/Users/dtope/.pico-sdk/sdk/2.2.0/lib/tinyusb/src/device/usbd.c.o
                0x10004a3c                tud_mounted
 .text.tud_suspended
                0x10004a4c       0x10 CMakeFiles/ppmRead.dir/Users/dtope/.pico-sdk/sdk/2.2.0/lib/tinyusb/src/device/usbd.c.o
                0x10004a4c                tud_suspended
 .text.tud_rhport_init
                0x10004a5c       0xf4 CMakeFiles/ppmRead.dir/Users/dtope/.pico-sdk/sdk/2.2.0/lib/tinyusb/src/device/usbd.c.o
                0x10004a5c                tud_rhport_init
 .text.tud_task_ext
                0x10004b50      0x784 CMakeFiles/ppmRead.dir/Users/dtope/.pico-sdk/sdk/2.2.0/lib/tinyusb/src/device/usbd.c.o
                0x10004b50                tud_task_ext
 .text.usbd_open_edpt_pair
                0x100052d4       0x9c CMakeFiles/ppmRead.dir/Users/dtope/.pico-sdk/sdk/2.2.0/lib/tinyusb/src/device/usbd.c.o
                0x100052d4                usbd_open_edpt_pair
 .text.usbd_edpt_open
                0x10005370       0x44 CMakeFiles/ppmRead.dir/Users/dtope/.pico-sdk/sdk/2.2.0/lib/tinyusb/src/device/usbd.c.o
                0x10005370                usbd_edpt_open
 .text.usbd_edpt_claim
                0x100053b4       0x24 CMakeFiles/ppmRead.dir/Users/dtope/.pico-sdk/sdk/2.2.0/lib/tinyusb/src/device/usbd.c.o
                0x100053b4                usbd_edpt_claim
 .text.usbd_edpt_release
                0x100053d8       0x24 CMakeFiles/ppmRead.dir/Users/dtope/.pico-sdk/sdk/2.2.0/lib/tinyusb/src/device/usbd.c.o
                0x100053d8                usbd_edpt_release
 .text.usbd_edpt_xfer
                0x100053fc       0x70 CMakeFiles/ppmRead.dir/Users/dtope/.pico-sdk/sdk/2.2.0/lib/tinyusb/src/device/usbd.c.o
                0x100053fc                usbd_edpt_xfer
 .text.tud_control_status
                0x1000546c       0x34 CMakeFiles/ppmRead.dir/Users/dtope/.pico-sdk/sdk/2.2.0/lib/tinyusb/src/device/usbd_control.c.o
                0x1000546c                tud_control_status
 .text.tud_control_xfer
                0x100054a0       0xb0 CMakeFiles/ppmRead.dir/Users/dtope/.pico-sdk/sdk/2.2.0/lib/tinyusb/src/device/usbd_control.c.o
                0x100054a0                tud_control_xfer
 .text.usbd_control_reset
                0x10005550       0x14 CMakeFiles/ppmRead.dir/Users/dtope/.pico-sdk/sdk/2.2.0/lib/tinyusb/src/device/usbd_control.c.o
                0x10005550                usbd_control_reset
 .text.usbd_control_set_complete_callback
                0x10005564        0xc CMakeFiles/ppmRead.dir/Users/dtope/.pico-sdk/sdk/2.2.0/lib/tinyusb/src/device/usbd_control.c.o
                0x10005564                usbd_control_set_complete_callback
 .text.usbd_control_set_request
                0x10005570       0x1c CMakeFiles/ppmRead.dir/Users/dtope/.pico-sdk/sdk/2.2.0/lib/tinyusb/src/device/usbd_control.c.o
                0x10005570                usbd_control_set_request
 .text.usbd_control_xfer_cb
                0x1000558c      0x100 CMakeFiles/ppmRead.dir/Users/dtope/.pico-sdk/sdk/2.2.0/lib/tinyusb/src/device/usbd_control.c.o
                0x1000558c                usbd_control_xfer_cb
 .text._prep_out_transaction.isra.0
                0x1000568c       0x74 CMakeFiles/ppmRead.dir/Users/dtope/.pico-sdk/sdk/2.2.0/lib/tinyusb/src/class/cdc/cdc_device.c.o
 .text.tud_cdc_n_connected
                0x10005700       0x2c CMakeFiles/ppmRead.dir/Users/dtope/.pico-sdk/sdk/2.2.0/lib/tinyusb/src/class/cdc/cdc_device.c.o
                0x10005700                tud_cdc_n_connected
 .text.tud_cdc_n_available
                0x1000572c       0x14 CMakeFiles/ppmRead.dir/Users/dtope/.pico-sdk/sdk/2.2.0/lib/tinyusb/src/class/cdc/cdc_device.c.o
                0x1000572c                tud_cdc_n_available
 .text.tud_cdc_n_read
                0x10005740       0x90 CMakeFiles/ppmRead.dir/Users/dtope/.pico-sdk/sdk/2.2.0/lib/tinyusb/src/class/cdc/cdc_device.c.o
                0x10005740                tud_cdc_n_read
 .text.tud_cdc_n_write_flush
                0x100057d0       0x8c CMakeFiles/ppmRead.dir/Users/dtope/.pico-sdk/sdk/2.2.0/lib/tinyusb/src/class/cdc/cdc_device.c.o
                0x100057d0                tud_cdc_n_write_flush
 .text.tud_cdc_n_write
                0x1000585c       0x40 CMakeFiles/ppmRead.dir/Users/dtope/.pico-sdk/sdk/2.2.0/lib/tinyusb/src/class/cdc/cdc_device.c.o
                0x1000585c                tud_cdc_n_write
 .text.tud_cdc_n_write_available
                0x1000589c       0x14 CMakeFiles/ppmRead.dir/Users/dtope/.pico-sdk/sdk/2.2.0/lib/tinyusb/src/class/cdc/cdc_device.c.o
                0x1000589c                tud_cdc_n_write_available
 .text.cdcd_init
                0x100058b0       0x70 CMakeFiles/ppmRead.dir/Users/dtope/.pico-sdk/sdk/2.2.0/lib/tinyusb/src/class/cdc/cdc_device.c.o
                0x100058b0                cdcd_init
 .text.cdcd_deinit
                0x10005920       0x30 CMakeFiles/ppmRead.dir/Users/dtope/.pico-sdk/sdk/2.2.0/lib/tinyusb/src/class/cdc/cdc_device.c.o
                0x10005920                cdcd_deinit
 .text.cdcd_reset
                0x10005950       0x4c CMakeFiles/ppmRead.dir/Users/dtope/.pico-sdk/sdk/2.2.0/lib/tinyusb/src/class/cdc/cdc_device.c.o
                0x10005950                cdcd_reset
 .text.cdcd_open
                0x1000599c       0xc0 CMakeFiles/ppmRead.dir/Users/dtope/.pico-sdk/sdk/2.2.0/lib/tinyusb/src/class/cdc/cdc_device.c.o
                0x1000599c                cdcd_open
 .text.cdcd_control_xfer_cb
                0x10005a5c       0xc0 CMakeFiles/ppmRead.dir/Users/dtope/.pico-sdk/sdk/2.2.0/lib/tinyusb/src/class/cdc/cdc_device.c.o
                0x10005a5c                cdcd_control_xfer_cb
 .text.cdcd_xfer_cb
                0x10005b1c       0xf8 CMakeFiles/ppmRead.dir/Users/dtope/.pico-sdk/sdk/2.2.0/lib/tinyusb/src/class/cdc/cdc_device.c.o
                0x10005b1c                cdcd_xfer_cb
 .text.vendord_init
                0x10005c14       0x5c CMakeFiles/ppmRead.dir/Users/dtope/.pico-sdk/sdk/2.2.0/lib/tinyusb/src/class/vendor/vendor_device.c.o
                0x10005c14                vendord_init
 .text.vendord_deinit
                0x10005c70       0x1c CMakeFiles/ppmRead.dir/Users/dtope/.pico-sdk/sdk/2.2.0/lib/tinyusb/src/class/vendor/vendor_device.c.o
                0x10005c70                vendord_deinit
 .text.vendord_reset
                0x10005c8c       0x24 CMakeFiles/ppmRead.dir/Users/dtope/.pico-sdk/sdk/2.2.0/lib/tinyusb/src/class/vendor/vendor_device.c.o
                0x10005c8c                vendord_reset
 .text.vendord_open
                0x10005cb0       0xf4 CMakeFiles/ppmRead.dir/Users/dtope/.pico-sdk/sdk/2.2.0/lib/tinyusb/src/class/vendor/vendor_device.c.o
                0x10005cb0                vendord_open
 .text.vendord_xfer_cb
                0x10005da4       0x88 CMakeFiles/ppmRead.dir/Users/dtope/.pico-sdk/sdk/2.2.0/lib/tinyusb/src/class/vendor/vendor_device.c.o
                0x10005da4                vendord_xfer_cb
 .text.tusb_rhport_init
                0x10005e2c       0x64 CMakeFiles/ppmRead.dir/Users/dtope/.pico-sdk/sdk/2.2.0/lib/tinyusb/src/tusb.c.o
                0x10005e2c                tusb_rhport_init
 .text.tu_edpt_claim
                0x10005e90       0x54 CMakeFiles/ppmRead.dir/Users/dtope/.pico-sdk/sdk/2.2.0/lib/tinyusb/src/tusb.c.o
                0x10005e90                tu_edpt_claim
 .text.tu_edpt_release
                0x10005ee4       0x38 CMakeFiles/ppmRead.dir/Users/dtope/.pico-sdk/sdk/2.2.0/lib/tinyusb/src/tusb.c.o
                0x10005ee4                tu_edpt_release
 .text.tu_edpt_validate
                0x10005f1c       0x60 CMakeFiles/ppmRead.dir/Users/dtope/.pico-sdk/sdk/2.2.0/lib/tinyusb/src/tusb.c.o
                0x10005f1c                tu_edpt_validate
 .text.tu_edpt_bind_driver
                0x10005f7c       0x58 CMakeFiles/ppmRead.dir/Users/dtope/.pico-sdk/sdk/2.2.0/lib/tinyusb/src/tusb.c.o
                0x10005f7c                tu_edpt_bind_driver
 .text.tu_edpt_stream_init
                0x10005fd4       0x58 CMakeFiles/ppmRead.dir/Users/dtope/.pico-sdk/sdk/2.2.0/lib/tinyusb/src/tusb.c.o
                0x10005fd4                tu_edpt_stream_init
 .text.tu_edpt_stream_deinit
                0x1000602c        0x4 CMakeFiles/ppmRead.dir/Users/dtope/.pico-sdk/sdk/2.2.0/lib/tinyusb/src/tusb.c.o
                0x1000602c                tu_edpt_stream_deinit
 .text.tu_edpt_stream_write_zlp_if_needed
                0x10006030       0x68 CMakeFiles/ppmRead.dir/Users/dtope/.pico-sdk/sdk/2.2.0/lib/tinyusb/src/tusb.c.o
                0x10006030                tu_edpt_stream_write_zlp_if_needed
 .text.tu_edpt_stream_write_xfer
                0x10006098       0x70 CMakeFiles/ppmRead.dir/Users/dtope/.pico-sdk/sdk/2.2.0/lib/tinyusb/src/tusb.c.o
                0x10006098                tu_edpt_stream_write_xfer
 .text.tu_edpt_stream_read_xfer
                0x10006108       0xc8 CMakeFiles/ppmRead.dir/Users/dtope/.pico-sdk/sdk/2.2.0/lib/tinyusb/src/tusb.c.o
                0x10006108                tu_edpt_stream_read_xfer
 .text.tu_fifo_config
                0x100061d0       0x60 CMakeFiles/ppmRead.dir/Users/dtope/.pico-sdk/sdk/2.2.0/lib/tinyusb/src/common/tusb_fifo.c.o
                0x100061d0                tu_fifo_config
 .text.tu_fifo_count
                0x10006230       0x20 CMakeFiles/ppmRead.dir/Users/dtope/.pico-sdk/sdk/2.2.0/lib/tinyusb/src/common/tusb_fifo.c.o
                0x10006230                tu_fifo_count
 .text.tu_fifo_empty
                0x10006250       0x14 CMakeFiles/ppmRead.dir/Users/dtope/.pico-sdk/sdk/2.2.0/lib/tinyusb/src/common/tusb_fifo.c.o
                0x10006250                tu_fifo_empty
 .text.tu_fifo_remaining
                0x10006264       0x24 CMakeFiles/ppmRead.dir/Users/dtope/.pico-sdk/sdk/2.2.0/lib/tinyusb/src/common/tusb_fifo.c.o
                0x10006264                tu_fifo_remaining
 .text.tu_fifo_read
                0x10006288       0x94 CMakeFiles/ppmRead.dir/Users/dtope/.pico-sdk/sdk/2.2.0/lib/tinyusb/src/common/tusb_fifo.c.o
                0x10006288                tu_fifo_read
 .text.tu_fifo_read_n
                0x1000631c       0xd8 CMakeFiles/ppmRead.dir/Users/dtope/.pico-sdk/sdk/2.2.0/lib/tinyusb/src/common/tusb_fifo.c.o
                0x1000631c                tu_fifo_read_n
 .text.tu_fifo_write
                0x100063f4       0xa4 CMakeFiles/ppmRead.dir/Users/dtope/.pico-sdk/sdk/2.2.0/lib/tinyusb/src/common/tusb_fifo.c.o
                0x100063f4                tu_fifo_write
 .text.tu_fifo_write_n
                0x10006498      0x15c CMakeFiles/ppmRead.dir/Users/dtope/.pico-sdk/sdk/2.2.0/lib/tinyusb/src/common/tusb_fifo.c.o
                0x10006498                tu_fifo_write_n
 .text.tu_fifo_clear
                0x100065f4       0x38 CMakeFiles/ppmRead.dir/Users/dtope/.pico-sdk/sdk/2.2.0/lib/tinyusb/src/common/tusb_fifo.c.o
                0x100065f4                tu_fifo_clear
 .text.tu_fifo_set_overwritable
                0x1000662c       0x3c CMakeFiles/ppmRead.dir/Users/dtope/.pico-sdk/sdk/2.2.0/lib/tinyusb/src/common/tusb_fifo.c.o
                0x1000662c                tu_fifo_set_overwritable
 .text.memset   0x10006668       0x9c /Users/dtope/.pico-sdk/toolchain/14_2_Rel1/bin/../lib/gcc/arm-none-eabi/14.2.1/../../../../arm-none-eabi/lib/thumb/v8-m.main+fp/softfp/libg.a(libc_a-memset.o)
                0x10006668                memset
 .text          0x10006704       0xec /Users/dtope/.pico-sdk/toolchain/14_2_Rel1/bin/../lib/gcc/arm-none-eabi/14.2.1/../../../../arm-none-eabi/lib/thumb/v8-m.main+fp/softfp/libg.a(libc_a-memcpy.o)
                0x10006704                memcpy
 .text.strlen   0x100067f0       0x5c /Users/dtope/.pico-sdk/toolchain/14_2_Rel1/bin/../lib/gcc/arm-none-eabi/14.2.1/../../../../arm-none-eabi/lib/thumb/v8-m.main+fp/softfp/libg.a(libc_a-strlen-stub.o)
                0x100067f0                strlen
 *(.fini)
 .fini          0x1000684c        0x4 /Users/dtope/.pico-sdk/toolchain/14_2_Rel1/bin/../lib/gcc/arm-none-eabi/14.2.1/thumb/v8-m.main+fp/softfp/crti.o
                0x1000684c                _fini
 .fini.__stub   0x10006850       0x50 linker stubs
 *crtbegin.o(.ctors)
 *crtbegin?.o(.ctors)
 *(EXCLUDE_FILE(*crtend.o *crtend?.o) .ctors)
 *(SORT_BY_NAME(.ctors.*))
 *(.ctors)
 *crtbegin.o(.dtors)
 *crtbegin?.o(.dtors)
 *(EXCLUDE_FILE(*crtend.o *crtend?.o) .dtors)
 *(SORT_BY_NAME(.dtors.*))
 *(.dtors)
                0x100068a0                        . = ALIGN (0x4)
                0x100068a0                        PROVIDE (__preinit_array_start = .)
 *(SORT_BY_NAME(.preinit_array.*))
 .preinit_array.00050
                0x100068a0        0x4 CMakeFiles/ppmRead.dir/Users/dtope/.pico-sdk/sdk/2.2.0/src/rp2_common/pico_runtime_init/runtime_init.c.o
                0x100068a0                __pre_init_runtime_init_bootrom_reset
 .preinit_array.00100
                0x100068a4        0x4 CMakeFiles/ppmRead.dir/Users/dtope/.pico-sdk/sdk/2.2.0/src/rp2_common/pico_runtime_init/runtime_init.c.o
                0x100068a4                __pre_init_runtime_init_early_resets
 .preinit_array.00101
                0x100068a8        0x4 CMakeFiles/ppmRead.dir/Users/dtope/.pico-sdk/sdk/2.2.0/src/rp2_common/pico_runtime_init/runtime_init.c.o
                0x100068a8                __pre_init_runtime_init_usb_power_down
 .preinit_array.00500
                0x100068ac        0x4 CMakeFiles/ppmRead.dir/Users/dtope/.pico-sdk/sdk/2.2.0/src/rp2_common/pico_runtime_init/runtime_init.c.o
                0x100068ac                __pre_init_runtime_init_clocks
 .preinit_array.00600
                0x100068b0        0x4 CMakeFiles/ppmRead.dir/Users/dtope/.pico-sdk/sdk/2.2.0/src/rp2_common/pico_runtime_init/runtime_init.c.o
                0x100068b0                __pre_init_runtime_init_post_clock_resets
 .preinit_array.01000
                0x100068b4        0x4 CMakeFiles/ppmRead.dir/Users/dtope/.pico-sdk/sdk/2.2.0/src/rp2_common/hardware_boot_lock/boot_lock.c.o
                0x100068b4                __pre_init_runtime_init_boot_locks_reset
 .preinit_array.01000
                0x100068b8        0x4 CMakeFiles/ppmRead.dir/Users/dtope/.pico-sdk/sdk/2.2.0/src/rp2_common/pico_runtime_init/runtime_init.c.o
                0x100068b8                __pre_init_runtime_init_spin_locks_reset
 .preinit_array.01010
                0x100068bc        0x4 CMakeFiles/ppmRead.dir/Users/dtope/.pico-sdk/sdk/2.2.0/src/rp2_common/pico_bootrom/bootrom_lock.c.o
                0x100068bc                __pre_init_runtime_init_bootrom_locking_enable
 .preinit_array.01100
                0x100068c0        0x4 CMakeFiles/ppmRead.dir/Users/dtope/.pico-sdk/sdk/2.2.0/src/common/pico_sync/mutex.c.o
                0x100068c0                __pre_init_runtime_init_mutex
 .preinit_array.10080
                0x100068c4        0x4 CMakeFiles/ppmRead.dir/Users/dtope/.pico-sdk/sdk/2.2.0/src/rp2_common/pico_runtime_init/runtime_init.c.o
                0x100068c4                __pre_init_runtime_init_install_ram_vector_table
 .preinit_array.11000
                0x100068c8        0x4 CMakeFiles/ppmRead.dir/Users/dtope/.pico-sdk/sdk/2.2.0/src/common/pico_time/time.c.o
                0x100068c8                __pre_init_runtime_init_default_alarm_pool
 .preinit_array.YYYYY
                0x100068cc        0x4 CMakeFiles/ppmRead.dir/Users/dtope/.pico-sdk/sdk/2.2.0/src/rp2_common/pico_runtime/runtime.c.o
                0x100068cc                __pre_init_first_per_core_initializer
 .preinit_array.ZZZZZ.00051
                0x100068d0        0x4 CMakeFiles/ppmRead.dir/Users/dtope/.pico-sdk/sdk/2.2.0/src/rp2_common/pico_runtime_init/runtime_init.c.o
                0x100068d0                __pre_init_runtime_init_per_core_bootrom_reset
 .preinit_array.ZZZZZ.00200
                0x100068d4        0x4 CMakeFiles/ppmRead.dir/Users/dtope/.pico-sdk/sdk/2.2.0/src/rp2_common/pico_runtime_init/runtime_init.c.o
                0x100068d4                __pre_init_runtime_init_per_core_enable_coprocessors
 .preinit_array.ZZZZZ.01000
                0x100068d8        0x4 CMakeFiles/ppmRead.dir/Users/dtope/.pico-sdk/sdk/2.2.0/src/rp2_common/hardware_sync_spin_lock/sync_spin_lock.c.o
                0x100068d8                __pre_init_spinlock_set_extexclall
 .preinit_array.ZZZZZ.01200
                0x100068dc        0x4 CMakeFiles/ppmRead.dir/Users/dtope/.pico-sdk/sdk/2.2.0/src/rp2_common/hardware_irq/irq.c.o
                0x100068dc                __pre_init_runtime_init_per_core_irq_priorities
 *(.preinit_array)
                0x100068e0                        PROVIDE (__preinit_array_end = .)
                0x100068e0                        . = ALIGN (0x4)
                0x100068e0                        PROVIDE (__init_array_start = .)
 *(SORT_BY_NAME(.init_array.*))
 .init_array.01000
                0x100068e0        0x4 CMakeFiles/ppmRead.dir/Users/dtope/.pico-sdk/sdk/2.2.0/src/rp2_common/pico_unique_id/unique_id.c.o
 *(.init_array)
 .init_array    0x100068e4        0x4 /Users/dtope/.pico-sdk/toolchain/14_2_Rel1/bin/../lib/gcc/arm-none-eabi/14.2.1/thumb/v8-m.main+fp/softfp/crtbegin.o
                0x100068e8                        PROVIDE (__init_array_end = .)
                0x100068e8                        . = ALIGN (0x4)
                [!provide]                        PROVIDE (__fini_array_start = .)
 *(SORT_BY_NAME(.fini_array.*))
 *(.fini_array)
                [!provide]                        PROVIDE (__fini_array_end = .)
 *(.eh_frame*)
 .eh_frame      0x100068e8        0x0 /Users/dtope/.pico-sdk/toolchain/14_2_Rel1/bin/../lib/gcc/arm-none-eabi/14.2.1/thumb/v8-m.main+fp/softfp/crtbegin.o
                0x100068e8                        . = ALIGN (0x4)

.glue_7         0x100068e8        0x0
 .glue_7        0x100068e8        0x0 linker stubs

.glue_7t        0x100068e8        0x0
 .glue_7t       0x100068e8        0x0 linker stubs

.vfp11_veneer   0x100068e8        0x0
 .vfp11_veneer  0x100068e8        0x0 linker stubs

.v4_bx          0x100068e8        0x0
 .v4_bx         0x100068e8        0x0 linker stubs

.iplt           0x100068e8        0x0
 .iplt          0x100068e8        0x0 /Users/dtope/.pico-sdk/toolchain/14_2_Rel1/bin/../lib/gcc/arm-none-eabi/14.2.1/thumb/v8-m.main+fp/softfp/crtbegin.o

.boot2          0x100068e8        0x0
                0x100068e8                        __boot2_start__ = .
 *(.boot2)
                0x100068e8                        __boot2_end__ = .
                0x00000001                        ASSERT (((__boot2_end__ - __boot2_start__) <= 0x100), ERROR: Pico second stage bootloader must be no more than 256 bytes in size)

.rodata         0x100068e8      0x4d0
 *(EXCLUDE_FILE(*libm.a: *libc.a:*lib_a-mem*.o *libgcc.a:) .rodata*)
 .rodata.main.str1.4
                0x100068e8      0x224 CMakeFiles/ppmRead.dir/ppmRead.cpp.o
                                 0x87 (size before relaxing)
 .rodata._ZL12PWM_OUT_PINS
                0x10006b0c       0x20 CMakeFiles/ppmRead.dir/ppmRead.cpp.o
 .rodata.panic.str1.4
                0x10006b2c       0x12 CMakeFiles/ppmRead.dir/Users/dtope/.pico-sdk/sdk/2.2.0/src/rp2_common/pico_platform_panic/panic.c.o
 .rodata.spin_lock_claim_unused.str1.4
                0x10006b2c       0x1b CMakeFiles/ppmRead.dir/Users/dtope/.pico-sdk/sdk/2.2.0/src/rp2_common/hardware_sync/sync.c.o
 .rodata.user_irq_claim_unused.str1.4
                0x10006b2c       0x1b CMakeFiles/ppmRead.dir/Users/dtope/.pico-sdk/sdk/2.2.0/src/rp2_common/hardware_irq/irq.c.o
 .rodata.timer_hardware_alarm_claim.str1.4
                0x10006b2c       0x22 CMakeFiles/ppmRead.dir/Users/dtope/.pico-sdk/sdk/2.2.0/src/rp2_common/hardware_timer/timer.c.o
 .rodata.hard_assertion_failure.str1.4
                0x10006b2c        0xc CMakeFiles/ppmRead.dir/Users/dtope/.pico-sdk/sdk/2.2.0/src/rp2_common/pico_runtime/runtime.c.o
 .rodata.str1.4
                0x10006b2c       0x40 CMakeFiles/ppmRead.dir/Users/dtope/.pico-sdk/sdk/2.2.0/src/rp2_common/pico_standard_binary_info/standard_binary_info.c.o
 .rodata.__bi_84
                0x10006b2c        0xc CMakeFiles/ppmRead.dir/Users/dtope/.pico-sdk/sdk/2.2.0/src/rp2_common/pico_standard_binary_info/standard_binary_info.c.o
 .rodata.__bi_78
                0x10006b38        0xc CMakeFiles/ppmRead.dir/Users/dtope/.pico-sdk/sdk/2.2.0/src/rp2_common/pico_standard_binary_info/standard_binary_info.c.o
 .rodata.__bi_60
                0x10006b44        0xc CMakeFiles/ppmRead.dir/Users/dtope/.pico-sdk/sdk/2.2.0/src/rp2_common/pico_standard_binary_info/standard_binary_info.c.o
 .rodata.__bi_54
                0x10006b50        0xc CMakeFiles/ppmRead.dir/Users/dtope/.pico-sdk/sdk/2.2.0/src/rp2_common/pico_standard_binary_info/standard_binary_info.c.o
 .rodata.__bi_48
                0x10006b5c        0xc CMakeFiles/ppmRead.dir/Users/dtope/.pico-sdk/sdk/2.2.0/src/rp2_common/pico_standard_binary_info/standard_binary_info.c.o
 .rodata.__bi_42
                0x10006b68        0xc CMakeFiles/ppmRead.dir/Users/dtope/.pico-sdk/sdk/2.2.0/src/rp2_common/pico_standard_binary_info/standard_binary_info.c.o
 .rodata.__bi_34
                0x10006b74        0xc CMakeFiles/ppmRead.dir/Users/dtope/.pico-sdk/sdk/2.2.0/src/rp2_common/pico_standard_binary_info/standard_binary_info.c.o
 .rodata.__bi_26
                0x10006b80        0xc CMakeFiles/ppmRead.dir/Users/dtope/.pico-sdk/sdk/2.2.0/src/rp2_common/pico_standard_binary_info/standard_binary_info.c.o
 .rodata._ftoa.str1.4
                0x10006b8c       0x15 CMakeFiles/ppmRead.dir/Users/dtope/.pico-sdk/sdk/2.2.0/src/rp2_common/pico_printf/printf.c.o
 *fill*         0x10006b8c        0x4 
 .rodata.pow10.0
                0x10006b90       0x50 CMakeFiles/ppmRead.dir/Users/dtope/.pico-sdk/sdk/2.2.0/src/rp2_common/pico_printf/printf.c.o
 .rodata.crlf_str.0
                0x10006be0        0x2 CMakeFiles/ppmRead.dir/Users/dtope/.pico-sdk/sdk/2.2.0/src/rp2_common/pico_stdio/stdio.c.o
 .rodata.str1.4
                0x10006be2       0x2c CMakeFiles/ppmRead.dir/Users/dtope/.pico-sdk/sdk/2.2.0/src/rp2_common/pico_stdio_uart/stdio_uart.c.o
 *fill*         0x10006be2        0x2 
 .rodata.__bi_45.4
                0x10006be4        0xc CMakeFiles/ppmRead.dir/Users/dtope/.pico-sdk/sdk/2.2.0/src/rp2_common/pico_stdio_uart/stdio_uart.c.o
 .rodata.__bi_49.5
                0x10006bf0        0x8 CMakeFiles/ppmRead.dir/Users/dtope/.pico-sdk/sdk/2.2.0/src/rp2_common/pico_stdio_uart/stdio_uart.c.o
 .rodata.__bi_50.6
                0x10006bf8        0x8 CMakeFiles/ppmRead.dir/Users/dtope/.pico-sdk/sdk/2.2.0/src/rp2_common/pico_stdio_uart/stdio_uart.c.o
 .rodata._resetd_driver
                0x10006c00       0x20 CMakeFiles/ppmRead.dir/Users/dtope/.pico-sdk/sdk/2.2.0/src/rp2_common/pico_stdio_usb/reset_interface.c.o
 .rodata.desc_ms_os_20
                0x10006c20       0xa6 CMakeFiles/ppmRead.dir/Users/dtope/.pico-sdk/sdk/2.2.0/src/rp2_common/pico_stdio_usb/reset_interface.c.o
 *fill*         0x10006cc6        0x2 
 .rodata.desc_bos
                0x10006cc8       0x21 CMakeFiles/ppmRead.dir/Users/dtope/.pico-sdk/sdk/2.2.0/src/rp2_common/pico_stdio_usb/reset_interface.c.o
                0x10006cc8                desc_bos
 .rodata.str1.4
                0x10006ce9       0x13 CMakeFiles/ppmRead.dir/Users/dtope/.pico-sdk/sdk/2.2.0/src/rp2_common/pico_stdio_usb/stdio_usb.c.o
 *fill*         0x10006ce9        0x3 
 .rodata.__bi_202.0
                0x10006cec        0xc CMakeFiles/ppmRead.dir/Users/dtope/.pico-sdk/sdk/2.2.0/src/rp2_common/pico_stdio_usb/stdio_usb.c.o
 .rodata.str1.4
                0x10006cf8       0x2a CMakeFiles/ppmRead.dir/Users/dtope/.pico-sdk/sdk/2.2.0/src/rp2_common/pico_stdio_usb/stdio_usb_descriptors.c.o
 .rodata.usbd_desc_str
                0x10006cf8       0x18 CMakeFiles/ppmRead.dir/Users/dtope/.pico-sdk/sdk/2.2.0/src/rp2_common/pico_stdio_usb/stdio_usb_descriptors.c.o
 .rodata.usbd_desc_cfg
                0x10006d10       0x54 CMakeFiles/ppmRead.dir/Users/dtope/.pico-sdk/sdk/2.2.0/src/rp2_common/pico_stdio_usb/stdio_usb_descriptors.c.o
 .rodata.usbd_desc_device
                0x10006d64       0x12 CMakeFiles/ppmRead.dir/Users/dtope/.pico-sdk/sdk/2.2.0/src/rp2_common/pico_stdio_usb/stdio_usb_descriptors.c.o
 .rodata.str1.4
                0x10006d76       0x14 CMakeFiles/ppmRead.dir/Users/dtope/.pico-sdk/sdk/2.2.0/lib/tinyusb/src/portable/raspberrypi/rp2040/dcd_rp2040.c.o
 .rodata.str1.4
                0x10006d76       0x48 CMakeFiles/ppmRead.dir/Users/dtope/.pico-sdk/sdk/2.2.0/lib/tinyusb/src/portable/raspberrypi/rp2040/rp2040_usb.c.o
 *fill*         0x10006d76        0x2 
 .rodata._usbd_driver
                0x10006d78       0x40 CMakeFiles/ppmRead.dir/Users/dtope/.pico-sdk/sdk/2.2.0/lib/tinyusb/src/device/usbd.c.o
 *(.srodata*)
                0x10006db8                        . = ALIGN (0x4)
 *(SORT_BY_ALIGNMENT(SORT_BY_NAME(.flashdata*)))
                0x10006db8                        . = ALIGN (0x4)

.ARM.extab
 *(.ARM.extab* .gnu.linkonce.armextab.*)
                0x10006db8                        __exidx_start = .

.ARM.exidx      0x10006db8        0x8
 *(.ARM.exidx* .gnu.linkonce.armexidx.*)
 .ARM.exidx     0x10006db8        0x8 /Users/dtope/.pico-sdk/toolchain/14_2_Rel1/bin/../lib/gcc/arm-none-eabi/14.2.1/../../../../arm-none-eabi/lib/thumb/v8-m.main+fp/softfp/libg.a(libc_a-memcpy.o)
 .ARM.exidx.text.__udivmoddi4
                0x10006dc0        0x0 /Users/dtope/.pico-sdk/toolchain/14_2_Rel1/bin/../lib/gcc/arm-none-eabi/14.2.1/thumb/v8-m.main+fp/softfp/libgcc.a(_udivmoddi4.o)
                                  0x8 (size before relaxing)
                0x10006dc0                        __exidx_end = .
                0x10006dc0                        . = ALIGN (0x4)
                0x10006dc0                        __binary_info_start = .

.binary_info    0x10006dc0       0x30
 *(.binary_info.keep.*)
 .binary_info.keep.__bi_ptr84
                0x10006dc0        0x4 CMakeFiles/ppmRead.dir/Users/dtope/.pico-sdk/sdk/2.2.0/src/rp2_common/pico_standard_binary_info/standard_binary_info.c.o
 .binary_info.keep.__bi_ptr78
                0x10006dc4        0x4 CMakeFiles/ppmRead.dir/Users/dtope/.pico-sdk/sdk/2.2.0/src/rp2_common/pico_standard_binary_info/standard_binary_info.c.o
 .binary_info.keep.__bi_ptr60
                0x10006dc8        0x4 CMakeFiles/ppmRead.dir/Users/dtope/.pico-sdk/sdk/2.2.0/src/rp2_common/pico_standard_binary_info/standard_binary_info.c.o
 .binary_info.keep.__bi_ptr54
                0x10006dcc        0x4 CMakeFiles/ppmRead.dir/Users/dtope/.pico-sdk/sdk/2.2.0/src/rp2_common/pico_standard_binary_info/standard_binary_info.c.o
 .binary_info.keep.__bi_ptr48
                0x10006dd0        0x4 CMakeFiles/ppmRead.dir/Users/dtope/.pico-sdk/sdk/2.2.0/src/rp2_common/pico_standard_binary_info/standard_binary_info.c.o
 .binary_info.keep.__bi_ptr42
                0x10006dd4        0x4 CMakeFiles/ppmRead.dir/Users/dtope/.pico-sdk/sdk/2.2.0/src/rp2_common/pico_standard_binary_info/standard_binary_info.c.o
 .binary_info.keep.__bi_ptr34
                0x10006dd8        0x4 CMakeFiles/ppmRead.dir/Users/dtope/.pico-sdk/sdk/2.2.0/src/rp2_common/pico_standard_binary_info/standard_binary_info.c.o
 .binary_info.keep.__bi_ptr26
                0x10006ddc        0x4 CMakeFiles/ppmRead.dir/Users/dtope/.pico-sdk/sdk/2.2.0/src/rp2_common/pico_standard_binary_info/standard_binary_info.c.o
 *(.binary_info.*)
 .binary_info.__bi_ptr50
                0x10006de0        0x4 CMakeFiles/ppmRead.dir/Users/dtope/.pico-sdk/sdk/2.2.0/src/rp2_common/pico_stdio_uart/stdio_uart.c.o
 .binary_info.__bi_ptr49
                0x10006de4        0x4 CMakeFiles/ppmRead.dir/Users/dtope/.pico-sdk/sdk/2.2.0/src/rp2_common/pico_stdio_uart/stdio_uart.c.o
 .binary_info.__bi_ptr45
                0x10006de8        0x4 CMakeFiles/ppmRead.dir/Users/dtope/.pico-sdk/sdk/2.2.0/src/rp2_common/pico_stdio_uart/stdio_uart.c.o
 .binary_info.__bi_ptr202
                0x10006dec        0x4 CMakeFiles/ppmRead.dir/Users/dtope/.pico-sdk/sdk/2.2.0/src/rp2_common/pico_stdio_usb/stdio_usb.c.o
                0x10006df0                        __binary_info_end = .
                0x10006df0                        . = ALIGN (0x4)

.ram_vector_table
                0x20000000      0x110
 *(.ram_vector_table)
 .ram_vector_table
                0x20000000      0x110 CMakeFiles/ppmRead.dir/Users/dtope/.pico-sdk/sdk/2.2.0/src/rp2_common/pico_runtime_init/runtime_init.c.o
                0x20000000                ram_vector_table

.uninitialized_data
                0x20000110        0x0
                0x20000110                        . = ALIGN (0x4)
 *(.uninitialized_data*)

.data           0x20000110     0x1134 load address 0x10006df0
                0x20000110                        __data_start__ = .
 *(vtable)
 *(.time_critical*)
 .time_critical.mutex_try_enter
                0x20000110       0x50 CMakeFiles/ppmRead.dir/Users/dtope/.pico-sdk/sdk/2.2.0/src/common/pico_sync/mutex.c.o
                0x20000110                mutex_try_enter
 .time_critical.mutex_enter_block_until
                0x20000160       0x6c CMakeFiles/ppmRead.dir/Users/dtope/.pico-sdk/sdk/2.2.0/src/common/pico_sync/mutex.c.o
                0x20000160                mutex_enter_block_until
 .time_critical.mutex_try_enter_block_until
                0x200001cc       0x68 CMakeFiles/ppmRead.dir/Users/dtope/.pico-sdk/sdk/2.2.0/src/common/pico_sync/mutex.c.o
                0x200001cc                mutex_try_enter_block_until
 .time_critical.mutex_enter_timeout_ms
                0x20000234       0x38 CMakeFiles/ppmRead.dir/Users/dtope/.pico-sdk/sdk/2.2.0/src/common/pico_sync/mutex.c.o
                0x20000234                mutex_enter_timeout_ms
 .time_critical.mutex_exit
                0x2000026c       0x3c CMakeFiles/ppmRead.dir/Users/dtope/.pico-sdk/sdk/2.2.0/src/common/pico_sync/mutex.c.o
                0x2000026c                mutex_exit
 .time_critical.reset_non_control_endpoints
                0x200002a8       0x64 CMakeFiles/ppmRead.dir/Users/dtope/.pico-sdk/sdk/2.2.0/lib/tinyusb/src/portable/raspberrypi/rp2040/dcd_rp2040.c.o
 .time_critical.hw_handle_buff_status
                0x2000030c       0x90 CMakeFiles/ppmRead.dir/Users/dtope/.pico-sdk/sdk/2.2.0/lib/tinyusb/src/portable/raspberrypi/rp2040/dcd_rp2040.c.o
 .time_critical.dcd_rp2040_irq
                0x2000039c      0x530 CMakeFiles/ppmRead.dir/Users/dtope/.pico-sdk/sdk/2.2.0/lib/tinyusb/src/portable/raspberrypi/rp2040/dcd_rp2040.c.o
 .time_critical.prepare_ep_buffer
                0x200008cc       0xc0 CMakeFiles/ppmRead.dir/Users/dtope/.pico-sdk/sdk/2.2.0/lib/tinyusb/src/portable/raspberrypi/rp2040/rp2040_usb.c.o
 .time_critical.sync_ep_buffer
                0x2000098c       0xb4 CMakeFiles/ppmRead.dir/Users/dtope/.pico-sdk/sdk/2.2.0/lib/tinyusb/src/portable/raspberrypi/rp2040/rp2040_usb.c.o
 .time_critical._hw_endpoint_xfer_sync
                0x20000a40       0x2c CMakeFiles/ppmRead.dir/Users/dtope/.pico-sdk/sdk/2.2.0/lib/tinyusb/src/portable/raspberrypi/rp2040/rp2040_usb.c.o
 .time_critical.e15_is_bulkin_ep
                0x20000a6c       0x28 CMakeFiles/ppmRead.dir/Users/dtope/.pico-sdk/sdk/2.2.0/lib/tinyusb/src/portable/raspberrypi/rp2040/rp2040_usb.c.o
 .time_critical.e15_is_critical_frame_period
                0x20000a94       0x28 CMakeFiles/ppmRead.dir/Users/dtope/.pico-sdk/sdk/2.2.0/lib/tinyusb/src/portable/raspberrypi/rp2040/rp2040_usb.c.o
 .time_critical.hw_endpoint_reset_transfer
                0x20000abc        0xc CMakeFiles/ppmRead.dir/Users/dtope/.pico-sdk/sdk/2.2.0/lib/tinyusb/src/portable/raspberrypi/rp2040/rp2040_usb.c.o
                0x20000abc                hw_endpoint_reset_transfer
 .time_critical._hw_endpoint_buffer_control_update32
                0x20000ac8       0x44 CMakeFiles/ppmRead.dir/Users/dtope/.pico-sdk/sdk/2.2.0/lib/tinyusb/src/portable/raspberrypi/rp2040/rp2040_usb.c.o
                0x20000ac8                _hw_endpoint_buffer_control_update32
 .time_critical.hw_endpoint_start_next_buffer
                0x20000b0c       0x64 CMakeFiles/ppmRead.dir/Users/dtope/.pico-sdk/sdk/2.2.0/lib/tinyusb/src/portable/raspberrypi/rp2040/rp2040_usb.c.o
                0x20000b0c                hw_endpoint_start_next_buffer
 .time_critical.hw_endpoint_xfer_continue
                0x20000b70       0x3c CMakeFiles/ppmRead.dir/Users/dtope/.pico-sdk/sdk/2.2.0/lib/tinyusb/src/portable/raspberrypi/rp2040/rp2040_usb.c.o
                0x20000b70                hw_endpoint_xfer_continue
 .time_critical.tinyusb
                0x20000bac      0x224 CMakeFiles/ppmRead.dir/Users/dtope/.pico-sdk/sdk/2.2.0/lib/tinyusb/src/device/usbd.c.o
                0x20000bac                dcd_event_handler
 *(.text*)
 .text          0x20000dd0       0x30 /Users/dtope/.pico-sdk/toolchain/14_2_Rel1/bin/../lib/gcc/arm-none-eabi/14.2.1/thumb/v8-m.main+fp/softfp/libgcc.a(_aeabi_uldivmod.o)
                0x20000dd0                __aeabi_uldivmod
 .text.__udivmoddi4
                0x20000e00      0x34c /Users/dtope/.pico-sdk/toolchain/14_2_Rel1/bin/../lib/gcc/arm-none-eabi/14.2.1/thumb/v8-m.main+fp/softfp/libgcc.a(_udivmoddi4.o)
                0x20000e00                __udivmoddi4
 .text          0x2000114c        0x4 /Users/dtope/.pico-sdk/toolchain/14_2_Rel1/bin/../lib/gcc/arm-none-eabi/14.2.1/thumb/v8-m.main+fp/softfp/libgcc.a(_dvmd_tls.o)
                0x2000114c                __aeabi_ldiv0
                0x2000114c                __aeabi_idiv0
 .text.__stub   0x20001150       0x30 linker stubs
                0x20001180                        . = ALIGN (0x4)
 *(.rodata*)
                0x20001180                        . = ALIGN (0x4)
 *(.data*)
 .data._ZL18activeInterruptPin
                0x20001180        0x4 CMakeFiles/ppmRead.dir/PPMReader.cpp.o
 .data._ZL15activeSyncWidth
                0x20001184        0x4 CMakeFiles/ppmRead.dir/PPMReader.cpp.o
 .data._ZL18activeChannelCount
                0x20001188        0x1 CMakeFiles/ppmRead.dir/PPMReader.cpp.o
 .data.striped_spin_lock_num
                0x20001189        0x1 CMakeFiles/ppmRead.dir/Users/dtope/.pico-sdk/sdk/2.2.0/src/rp2_common/hardware_sync/sync.c.o
 *fill*         0x2000118a        0x2 
 .data          0x2000118c       0x48 CMakeFiles/ppmRead.dir/Users/dtope/.pico-sdk/sdk/2.2.0/src/rp2_common/hardware_irq/irq_handler_chain.S.o
                0x2000118c                irq_handler_chain_slots
                0x200011bc                irq_handler_chain_first_slot
                0x200011c6                irq_handler_chain_remove_tail
 .data.default_alarm_pool
                0x200011d4       0x18 CMakeFiles/ppmRead.dir/Users/dtope/.pico-sdk/sdk/2.2.0/src/common/pico_time/time.c.o
 .data.stdio_uart
                0x200011ec       0x18 CMakeFiles/ppmRead.dir/Users/dtope/.pico-sdk/sdk/2.2.0/src/rp2_common/pico_stdio_uart/stdio_uart.c.o
                0x200011ec                stdio_uart
 .data.stdio_usb
                0x20001204       0x18 CMakeFiles/ppmRead.dir/Users/dtope/.pico-sdk/sdk/2.2.0/src/rp2_common/pico_stdio_usb/stdio_usb.c.o
                0x20001204                stdio_usb
 .data._usbd_qdef
                0x2000121c       0x1c CMakeFiles/ppmRead.dir/Users/dtope/.pico-sdk/sdk/2.2.0/lib/tinyusb/src/device/usbd.c.o
                0x2000121c                _usbd_qdef
 .data._usbd_rhport
                0x20001238        0x1 CMakeFiles/ppmRead.dir/Users/dtope/.pico-sdk/sdk/2.2.0/lib/tinyusb/src/device/usbd.c.o
 *(.sdata*)
                0x2000123c                        . = ALIGN (0x4)
 *fill*         0x20001239        0x3 
 *(.after_data.*)
                0x2000123c                        . = ALIGN (0x4)
                0x2000123c                        PROVIDE (__mutex_array_start = .)
 *(SORT_BY_NAME(.mutex_array.*))
 *(.mutex_array)
 .mutex_array   0x2000123c        0x8 CMakeFiles/ppmRead.dir/Users/dtope/.pico-sdk/sdk/2.2.0/src/rp2_common/pico_stdio/stdio.c.o
                0x20001244                        PROVIDE (__mutex_array_end = .)
 *(.jcr)
                0x20001244                        . = ALIGN (0x4)

.tm_clone_table
                0x20001244        0x0 load address 0x10007f24
 .tm_clone_table
                0x20001244        0x0 /Users/dtope/.pico-sdk/toolchain/14_2_Rel1/bin/../lib/gcc/arm-none-eabi/14.2.1/thumb/v8-m.main+fp/softfp/crtbegin.o
 .tm_clone_table
                0x20001244        0x0 /Users/dtope/.pico-sdk/toolchain/14_2_Rel1/bin/../lib/gcc/arm-none-eabi/14.2.1/thumb/v8-m.main+fp/softfp/crtend.o

.igot.plt       0x20001244        0x0 load address 0x10007f24
 .igot.plt      0x20001244        0x0 /Users/dtope/.pico-sdk/toolchain/14_2_Rel1/bin/../lib/gcc/arm-none-eabi/14.2.1/thumb/v8-m.main+fp/softfp/crtbegin.o

.tdata          0x20001244        0x0 load address 0x10007f24
                0x20001244                        . = ALIGN (0x4)
 *(.tdata .tdata.* .gnu.linkonce.td.*)
                0x20001244                        __tdata_end = .
                0x20001244                        PROVIDE (__data_end__ = .)
                0x10006df0                        __etext = LOADADDR (.data)

.tbss           0x20001244        0x0 load address 0x10007f24
                0x20001244                        . = ALIGN (0x4)
                0x20001244                        __bss_start__ = .
                0x20001244                        __tls_base = .
 *(.tbss .tbss.* .gnu.linkonce.tb.*)
 *(.tcommon)
                0x20001244                        __tls_end = .

.bss            0x20001248      0xc70 load address 0x10007f24
                0x20001248                        . = ALIGN (0x4)
                0x20001248                        __tbss_end = .
 *(SORT_BY_ALIGNMENT(SORT_BY_NAME(.bss*)))
 .bss.default_alarm_pool_entries
                0x20001248      0x180 CMakeFiles/ppmRead.dir/Users/dtope/.pico-sdk/sdk/2.2.0/src/common/pico_time/time.c.o
 .bss.last_avail_time.1
                0x200013c8        0x8 CMakeFiles/ppmRead.dir/Users/dtope/.pico-sdk/sdk/2.2.0/src/rp2_common/pico_stdio_usb/stdio_usb.c.o
 .bss._ZL13lastFrameTime
                0x200013d0        0x4 CMakeFiles/ppmRead.dir/PPMReader.cpp.o
 .bss._app_driver
                0x200013d4        0x4 CMakeFiles/ppmRead.dir/Users/dtope/.pico-sdk/sdk/2.2.0/lib/tinyusb/src/device/usbd.c.o
 .bss._cdcd_epbuf
                0x200013d8       0x80 CMakeFiles/ppmRead.dir/Users/dtope/.pico-sdk/sdk/2.2.0/lib/tinyusb/src/class/cdc/cdc_device.c.o
 .bss._cdcd_fifo_cfg
                0x20001458        0x1 CMakeFiles/ppmRead.dir/Users/dtope/.pico-sdk/sdk/2.2.0/lib/tinyusb/src/class/cdc/cdc_device.c.o
 *fill*         0x20001459        0x3 
 .bss._cdcd_itf
                0x2000145c       0xc8 CMakeFiles/ppmRead.dir/Users/dtope/.pico-sdk/sdk/2.2.0/lib/tinyusb/src/class/cdc/cdc_device.c.o
 .bss._ctrl_epbuf
                0x20001524       0x40 CMakeFiles/ppmRead.dir/Users/dtope/.pico-sdk/sdk/2.2.0/lib/tinyusb/src/device/usbd_control.c.o
 .bss._ctrl_xfer
                0x20001564       0x14 CMakeFiles/ppmRead.dir/Users/dtope/.pico-sdk/sdk/2.2.0/lib/tinyusb/src/device/usbd_control.c.o
 .bss._sw_spin_locks
                0x20001578       0x20 CMakeFiles/ppmRead.dir/Users/dtope/.pico-sdk/sdk/2.2.0/src/rp2_common/hardware_sync_spin_lock/sync_spin_lock.c.o
                0x20001578                _sw_spin_locks
 .bss._tusb_rhport_role
                0x20001598        0x2 CMakeFiles/ppmRead.dir/Users/dtope/.pico-sdk/sdk/2.2.0/lib/tinyusb/src/tusb.c.o
                0x20001598                _tusb_rhport_role
 *fill*         0x2000159a        0x2 
 .bss._ubsd_mutexdef
                0x2000159c        0x8 CMakeFiles/ppmRead.dir/Users/dtope/.pico-sdk/sdk/2.2.0/lib/tinyusb/src/device/usbd.c.o
 .bss._usbd_dev
                0x200015a4       0x54 CMakeFiles/ppmRead.dir/Users/dtope/.pico-sdk/sdk/2.2.0/lib/tinyusb/src/device/usbd.c.o
 .bss._usbd_mutex
                0x200015f8        0x4 CMakeFiles/ppmRead.dir/Users/dtope/.pico-sdk/sdk/2.2.0/lib/tinyusb/src/device/usbd.c.o
 .bss._usbd_q   0x200015fc        0x4 CMakeFiles/ppmRead.dir/Users/dtope/.pico-sdk/sdk/2.2.0/lib/tinyusb/src/device/usbd.c.o
 .bss._usbd_qdef_buf
                0x20001600       0xc0 CMakeFiles/ppmRead.dir/Users/dtope/.pico-sdk/sdk/2.2.0/lib/tinyusb/src/device/usbd.c.o
                0x20001600                _usbd_qdef_buf
 .bss._vendord_epbuf
                0x200016c0       0x80 CMakeFiles/ppmRead.dir/Users/dtope/.pico-sdk/sdk/2.2.0/lib/tinyusb/src/class/vendor/vendor_device.c.o
 .bss._vendord_itf
                0x20001740      0x24c CMakeFiles/ppmRead.dir/Users/dtope/.pico-sdk/sdk/2.2.0/lib/tinyusb/src/class/vendor/vendor_device.c.o
 .bss.callbacks
                0x2000198c        0x8 CMakeFiles/ppmRead.dir/Users/dtope/.pico-sdk/sdk/2.2.0/src/rp2_common/hardware_gpio/gpio.c.o
 .bss.chars_available_callback
                0x20001994        0x4 CMakeFiles/ppmRead.dir/Users/dtope/.pico-sdk/sdk/2.2.0/src/rp2_common/pico_stdio_uart/stdio_uart.c.o
 .bss.chars_available_callback
                0x20001998        0x4 CMakeFiles/ppmRead.dir/Users/dtope/.pico-sdk/sdk/2.2.0/src/rp2_common/pico_stdio_usb/stdio_usb.c.o
 .bss.chars_available_param
                0x2000199c        0x4 CMakeFiles/ppmRead.dir/Users/dtope/.pico-sdk/sdk/2.2.0/src/rp2_common/pico_stdio_uart/stdio_uart.c.o
 .bss.chars_available_param
                0x200019a0        0x4 CMakeFiles/ppmRead.dir/Users/dtope/.pico-sdk/sdk/2.2.0/src/rp2_common/pico_stdio_usb/stdio_usb.c.o
 .bss.claimed   0x200019a4        0x4 CMakeFiles/ppmRead.dir/Users/dtope/.pico-sdk/sdk/2.2.0/src/rp2_common/hardware_sync/sync.c.o
 .bss.claimed   0x200019a8        0x2 CMakeFiles/ppmRead.dir/Users/dtope/.pico-sdk/sdk/2.2.0/src/rp2_common/hardware_timer/timer.c.o
 *fill*         0x200019aa        0x2 
 .bss.configured_freq
                0x200019ac       0x28 CMakeFiles/ppmRead.dir/Users/dtope/.pico-sdk/sdk/2.2.0/src/rp2_common/hardware_clocks/clocks.c.o
 .bss.desc_str.0
                0x200019d4       0x28 CMakeFiles/ppmRead.dir/Users/dtope/.pico-sdk/sdk/2.2.0/src/rp2_common/pico_stdio_usb/stdio_usb_descriptors.c.o
 .bss.drivers   0x200019fc        0x4 CMakeFiles/ppmRead.dir/Users/dtope/.pico-sdk/sdk/2.2.0/src/rp2_common/pico_stdio/stdio.c.o
 .bss.e15_last_sof
                0x20001a00        0x4 CMakeFiles/ppmRead.dir/Users/dtope/.pico-sdk/sdk/2.2.0/lib/tinyusb/src/portable/raspberrypi/rp2040/rp2040_usb.c.o
                0x20001a00                e15_last_sof
 .bss.filter    0x20001a04        0x4 CMakeFiles/ppmRead.dir/Users/dtope/.pico-sdk/sdk/2.2.0/src/rp2_common/pico_stdio/stdio.c.o
 .bss.hw_endpoints
                0x20001a08      0x400 CMakeFiles/ppmRead.dir/Users/dtope/.pico-sdk/sdk/2.2.0/lib/tinyusb/src/portable/raspberrypi/rp2040/dcd_rp2040.c.o
 .bss.lastPulseTime
                0x20001e08        0x4 CMakeFiles/ppmRead.dir/PPMReader.cpp.o
                0x20001e08                lastPulseTime
 .bss.lazy_vsnprintf
                0x20001e0c        0x4 CMakeFiles/ppmRead.dir/Users/dtope/.pico-sdk/sdk/2.2.0/src/rp2_common/pico_printf/printf.c.o
 .bss.load_value
                0x20001e10        0x4 CMakeFiles/ppmRead.dir/Users/dtope/.pico-sdk/sdk/2.2.0/src/rp2_common/hardware_watchdog/watchdog.c.o
 .bss.next_buffer_ptr
                0x20001e14        0x4 CMakeFiles/ppmRead.dir/Users/dtope/.pico-sdk/sdk/2.2.0/lib/tinyusb/src/portable/raspberrypi/rp2040/dcd_rp2040.c.o
 .bss.object.0  0x20001e18       0x18 /Users/dtope/.pico-sdk/toolchain/14_2_Rel1/bin/../lib/gcc/arm-none-eabi/14.2.1/thumb/v8-m.main+fp/softfp/crtbegin.o
 .bss.one_shot_timer_crit_sec
                0x20001e30        0x8 CMakeFiles/ppmRead.dir/Users/dtope/.pico-sdk/sdk/2.2.0/src/rp2_common/pico_stdio_usb/stdio_usb.c.o
 .bss.pools     0x20001e38       0x20 CMakeFiles/ppmRead.dir/Users/dtope/.pico-sdk/sdk/2.2.0/src/common/pico_time/time.c.o
 .bss.ppmChannels
                0x20001e58       0x20 CMakeFiles/ppmRead.dir/PPMReader.cpp.o
                0x20001e58                ppmChannels
 .bss.raw_irq_mask
                0x20001e78        0x8 CMakeFiles/ppmRead.dir/Users/dtope/.pico-sdk/sdk/2.2.0/src/rp2_common/hardware_gpio/gpio.c.o
 .bss.retrieved_id
                0x20001e80        0x8 CMakeFiles/ppmRead.dir/Users/dtope/.pico-sdk/sdk/2.2.0/src/rp2_common/pico_unique_id/unique_id.c.o
 .bss.sleep_notifier
                0x20001e88        0x4 CMakeFiles/ppmRead.dir/Users/dtope/.pico-sdk/sdk/2.2.0/src/common/pico_time/time.c.o
 .bss.stdio_usb_mutex
                0x20001e8c        0x8 CMakeFiles/ppmRead.dir/Users/dtope/.pico-sdk/sdk/2.2.0/src/rp2_common/pico_stdio_usb/stdio_usb.c.o
 .bss.uart_char_to_line_feed
                0x20001e94        0x4 CMakeFiles/ppmRead.dir/Users/dtope/.pico-sdk/sdk/2.2.0/src/rp2_common/hardware_uart/uart.c.o
                0x20001e94                uart_char_to_line_feed
 .bss.uart_instance
                0x20001e98        0x4 CMakeFiles/ppmRead.dir/Users/dtope/.pico-sdk/sdk/2.2.0/src/rp2_common/pico_stdio_uart/stdio_uart.c.o
 .bss.usbd_serial_str
                0x20001e9c       0x11 CMakeFiles/ppmRead.dir/Users/dtope/.pico-sdk/sdk/2.2.0/src/rp2_common/pico_stdio_usb/stdio_usb_descriptors.c.o
 .bss._app_driver_count
                0x20001ead        0x1 CMakeFiles/ppmRead.dir/Users/dtope/.pico-sdk/sdk/2.2.0/lib/tinyusb/src/device/usbd.c.o
 .bss._sof_enable
                0x20001eae        0x1 CMakeFiles/ppmRead.dir/Users/dtope/.pico-sdk/sdk/2.2.0/lib/tinyusb/src/portable/raspberrypi/rp2040/dcd_rp2040.c.o
 .bss._usbd_queued_setup
                0x20001eaf        0x1 CMakeFiles/ppmRead.dir/Users/dtope/.pico-sdk/sdk/2.2.0/lib/tinyusb/src/device/usbd.c.o
 .bss.currentChannel
                0x20001eb0        0x1 CMakeFiles/ppmRead.dir/PPMReader.cpp.o
                0x20001eb0                currentChannel
 .bss.irq_handler_chain_free_slot_head
                0x20001eb1        0x1 CMakeFiles/ppmRead.dir/Users/dtope/.pico-sdk/sdk/2.2.0/src/rp2_common/hardware_irq/irq.c.o
 .bss.itf_num   0x20001eb2        0x1 CMakeFiles/ppmRead.dir/Users/dtope/.pico-sdk/sdk/2.2.0/src/rp2_common/pico_stdio_usb/reset_interface.c.o
 .bss.low_priority_irq_num
                0x20001eb3        0x1 CMakeFiles/ppmRead.dir/Users/dtope/.pico-sdk/sdk/2.2.0/src/rp2_common/pico_stdio_usb/stdio_usb.c.o
 .bss.one_shot_timer_pending
                0x20001eb4        0x1 CMakeFiles/ppmRead.dir/Users/dtope/.pico-sdk/sdk/2.2.0/src/rp2_common/pico_stdio_usb/stdio_usb.c.o
 .bss.user_irq_claimed
                0x20001eb5        0x1 CMakeFiles/ppmRead.dir/Users/dtope/.pico-sdk/sdk/2.2.0/src/rp2_common/hardware_irq/irq.c.o
 *(COMMON)
                [!provide]                        PROVIDE (__global_pointer$ = (. + 0x800))
 *(.sbss*)
                0x20001eb8                        . = ALIGN (0x4)
 *fill*         0x20001eb6        0x2 
                0x20001eb8                        __bss_end__ = .

.heap           0x20001eb8      0x800 load address 0x10007f24
                0x20001eb8                        __end__ = .
                0x20001eb8                        end = __end__
 *(.heap*)
 .heap          0x20001eb8      0x800 CMakeFiles/ppmRead.dir/Users/dtope/.pico-sdk/sdk/2.2.0/src/rp2_common/pico_crt0/crt0.S.o
                0x20080000                        __HeapLimit = (ORIGIN (RAM) + LENGTH (RAM))

.scratch_x      0x20080000        0x0 load address 0x10007f24
                0x20080000                        __scratch_x_start__ = .
 *(.scratch_x.*)
                0x20080000                        . = ALIGN (0x4)
                0x20080000                        __scratch_x_end__ = .
                0x10007f24                        __scratch_x_source__ = LOADADDR (.scratch_x)

.scratch_y      0x20081000        0x0 load address 0x10007f24
                0x20081000                        __scratch_y_start__ = .
 *(.scratch_y.*)
                0x20081000                        . = ALIGN (0x4)
                0x20081000                        __scratch_y_end__ = .
                0x10007f24                        __scratch_y_source__ = LOADADDR (.scratch_y)

.stack1_dummy
 *(.stack1*)

.stack_dummy    0x20081000      0x800
 *(.stack*)
 .stack         0x20081000      0x800 CMakeFiles/ppmRead.dir/Users/dtope/.pico-sdk/sdk/2.2.0/src/rp2_common/pico_crt0/crt0.S.o

.flash_end      0x10007f24       0x14
 *(.embedded_end_block*)
 .embedded_end_block
                0x10007f24       0x14 CMakeFiles/ppmRead.dir/Users/dtope/.pico-sdk/sdk/2.2.0/src/rp2_common/pico_crt0/crt0.S.o
                0x10007f38                        PROVIDE (__flash_binary_end = .)
                0x20080000                        __StackLimit = (ORIGIN (RAM) + LENGTH (RAM))
                0x20081000                        __StackOneTop = (ORIGIN (SCRATCH_X) + LENGTH (SCRATCH_X))
                0x20082000                        __StackTop = (ORIGIN (SCRATCH_Y) + LENGTH (SCRATCH_Y))
                0x20081000                        __StackOneBottom = (__StackOneTop - SIZEOF (.stack1_dummy))
                0x20081800                        __StackBottom = (__StackTop - SIZEOF (.stack_dummy))
                0x20082000                        PROVIDE (__stack = __StackTop)
                [!provide]                        PROVIDE (__heap_start = __end__)
                [!provide]                        PROVIDE (__heap_end = __HeapLimit)
                [!provide]                        PROVIDE (__tls_align = MAX (ALIGNOF (.tdata), ALIGNOF (.tbss)))
                [!provide]                        PROVIDE (__tls_size_align = (((__tls_size + __tls_align) - 0x1) & ~ ((__tls_align - 0x1))))
                [!provide]                        PROVIDE (__arm32_tls_tcb_offset = MAX (0x8, __tls_align))
                [!provide]                        PROVIDE (_end = __end__)
                [!provide]                        PROVIDE (__llvm_libc_heap_limit = __HeapLimit)
                0x00000001                        ASSERT ((__StackLimit >= __HeapLimit), region RAM overflowed)
                0x00000001                        ASSERT (((__binary_info_header_end - __logical_binary_start) <= 0x400), Binary info must be in first 1024 bytes of the binary)
                0x00000001                        ASSERT (((__embedded_block_end - __logical_binary_start) <= 0x1000), Embedded block must be in first 4096 bytes of the binary)
LOAD CMakeFiles/ppmRead.dir/ppmRead.cpp.o
LOAD CMakeFiles/ppmRead.dir/PPMReader.cpp.o
LOAD CMakeFiles/ppmRead.dir/Users/dtope/.pico-sdk/sdk/2.2.0/src/rp2_common/pico_stdlib/stdlib.c.o
LOAD CMakeFiles/ppmRead.dir/Users/dtope/.pico-sdk/sdk/2.2.0/src/rp2_common/hardware_gpio/gpio.c.o
LOAD CMakeFiles/ppmRead.dir/Users/dtope/.pico-sdk/sdk/2.2.0/src/rp2350/pico_platform/platform.c.o
LOAD CMakeFiles/ppmRead.dir/Users/dtope/.pico-sdk/sdk/2.2.0/src/rp2_common/pico_platform_common/common.c.o
LOAD CMakeFiles/ppmRead.dir/Users/dtope/.pico-sdk/sdk/2.2.0/src/rp2_common/pico_platform_panic/panic.c.o
LOAD CMakeFiles/ppmRead.dir/Users/dtope/.pico-sdk/sdk/2.2.0/src/common/hardware_claim/claim.c.o
LOAD CMakeFiles/ppmRead.dir/Users/dtope/.pico-sdk/sdk/2.2.0/src/rp2_common/hardware_sync/sync.c.o
LOAD CMakeFiles/ppmRead.dir/Users/dtope/.pico-sdk/sdk/2.2.0/src/rp2_common/hardware_sync_spin_lock/sync_spin_lock.c.o
LOAD CMakeFiles/ppmRead.dir/Users/dtope/.pico-sdk/sdk/2.2.0/src/rp2_common/hardware_irq/irq.c.o
LOAD CMakeFiles/ppmRead.dir/Users/dtope/.pico-sdk/sdk/2.2.0/src/rp2_common/hardware_irq/irq_handler_chain.S.o
LOAD CMakeFiles/ppmRead.dir/Users/dtope/.pico-sdk/sdk/2.2.0/src/common/pico_sync/sem.c.o
LOAD CMakeFiles/ppmRead.dir/Users/dtope/.pico-sdk/sdk/2.2.0/src/common/pico_sync/lock_core.c.o
LOAD CMakeFiles/ppmRead.dir/Users/dtope/.pico-sdk/sdk/2.2.0/src/common/pico_sync/mutex.c.o
LOAD CMakeFiles/ppmRead.dir/Users/dtope/.pico-sdk/sdk/2.2.0/src/common/pico_sync/critical_section.c.o
LOAD CMakeFiles/ppmRead.dir/Users/dtope/.pico-sdk/sdk/2.2.0/src/common/pico_time/time.c.o
LOAD CMakeFiles/ppmRead.dir/Users/dtope/.pico-sdk/sdk/2.2.0/src/common/pico_time/timeout_helper.c.o
LOAD CMakeFiles/ppmRead.dir/Users/dtope/.pico-sdk/sdk/2.2.0/src/rp2_common/hardware_timer/timer.c.o
LOAD CMakeFiles/ppmRead.dir/Users/dtope/.pico-sdk/sdk/2.2.0/src/common/pico_util/datetime.c.o
LOAD CMakeFiles/ppmRead.dir/Users/dtope/.pico-sdk/sdk/2.2.0/src/common/pico_util/pheap.c.o
LOAD CMakeFiles/ppmRead.dir/Users/dtope/.pico-sdk/sdk/2.2.0/src/common/pico_util/queue.c.o
LOAD CMakeFiles/ppmRead.dir/Users/dtope/.pico-sdk/sdk/2.2.0/src/rp2_common/hardware_uart/uart.c.o
LOAD CMakeFiles/ppmRead.dir/Users/dtope/.pico-sdk/sdk/2.2.0/src/rp2_common/hardware_clocks/clocks.c.o
LOAD CMakeFiles/ppmRead.dir/Users/dtope/.pico-sdk/sdk/2.2.0/src/rp2_common/hardware_pll/pll.c.o
LOAD CMakeFiles/ppmRead.dir/Users/dtope/.pico-sdk/sdk/2.2.0/src/rp2_common/hardware_vreg/vreg.c.o
LOAD CMakeFiles/ppmRead.dir/Users/dtope/.pico-sdk/sdk/2.2.0/src/rp2_common/hardware_watchdog/watchdog.c.o
LOAD CMakeFiles/ppmRead.dir/Users/dtope/.pico-sdk/sdk/2.2.0/src/rp2_common/hardware_ticks/ticks.c.o
LOAD CMakeFiles/ppmRead.dir/Users/dtope/.pico-sdk/sdk/2.2.0/src/rp2_common/pico_bootrom/bootrom.c.o
LOAD CMakeFiles/ppmRead.dir/Users/dtope/.pico-sdk/sdk/2.2.0/src/rp2_common/pico_bootrom/bootrom_lock.c.o
LOAD CMakeFiles/ppmRead.dir/Users/dtope/.pico-sdk/sdk/2.2.0/src/rp2_common/hardware_boot_lock/boot_lock.c.o
LOAD CMakeFiles/ppmRead.dir/Users/dtope/.pico-sdk/sdk/2.2.0/src/rp2_common/pico_flash/flash.c.o
LOAD CMakeFiles/ppmRead.dir/Users/dtope/.pico-sdk/sdk/2.2.0/src/rp2_common/hardware_xosc/xosc.c.o
LOAD CMakeFiles/ppmRead.dir/Users/dtope/.pico-sdk/sdk/2.2.0/src/rp2_common/hardware_divider/divider.c.o
LOAD CMakeFiles/ppmRead.dir/Users/dtope/.pico-sdk/sdk/2.2.0/src/rp2_common/pico_runtime/runtime.c.o
LOAD CMakeFiles/ppmRead.dir/Users/dtope/.pico-sdk/sdk/2.2.0/src/rp2_common/pico_runtime_init/runtime_init.c.o
LOAD CMakeFiles/ppmRead.dir/Users/dtope/.pico-sdk/sdk/2.2.0/src/rp2_common/pico_runtime_init/runtime_init_clocks.c.o
LOAD CMakeFiles/ppmRead.dir/Users/dtope/.pico-sdk/sdk/2.2.0/src/rp2_common/pico_runtime_init/runtime_init_stack_guard.c.o
LOAD CMakeFiles/ppmRead.dir/Users/dtope/.pico-sdk/sdk/2.2.0/src/rp2_common/pico_bit_ops/bit_ops_aeabi.S.o
LOAD CMakeFiles/ppmRead.dir/Users/dtope/.pico-sdk/sdk/2.2.0/src/rp2_common/pico_divider/divider_compiler.c.o
LOAD CMakeFiles/ppmRead.dir/Users/dtope/.pico-sdk/sdk/2.2.0/src/rp2_common/pico_double/double_math.c.o